Component: ARM Compiler 5.06 update 5 (build 528) Tool: armlink [4d35e2]

==============================================================================

Section Cross References

    startup_stm32f10x_hd.o(RESET) refers to startup_stm32f10x_hd.o(STACK) for __initial_sp
    startup_stm32f10x_hd.o(RESET) refers to startup_stm32f10x_hd.o(.text) for Reset_Handler
    startup_stm32f10x_hd.o(RESET) refers to stm32f10x_it.o(i.NMI_Handler) for NMI_Handler
    startup_stm32f10x_hd.o(RESET) refers to stm32f10x_it.o(i.HardFault_Handler) for HardFault_Handler
    startup_stm32f10x_hd.o(RESET) refers to stm32f10x_it.o(i.MemManage_Handler) for MemManage_Handler
    startup_stm32f10x_hd.o(RESET) refers to stm32f10x_it.o(i.BusFault_Handler) for BusFault_Handler
    startup_stm32f10x_hd.o(RESET) refers to stm32f10x_it.o(i.UsageFault_Handler) for UsageFault_Handler
    startup_stm32f10x_hd.o(RESET) refers to stm32f10x_it.o(i.SVC_Handler) for SVC_Handler
    startup_stm32f10x_hd.o(RESET) refers to stm32f10x_it.o(i.DebugMon_Handler) for DebugMon_Handler
    startup_stm32f10x_hd.o(RESET) refers to stm32f10x_it.o(i.PendSV_Handler) for PendSV_Handler
    startup_stm32f10x_hd.o(RESET) refers to stm32f10x_it.o(i.SysTick_Handler) for SysTick_Handler
    startup_stm32f10x_hd.o(RESET) refers to driver.o(i.EXTI4_IRQHandler) for EXTI4_IRQHandler
    startup_stm32f10x_hd.o(RESET) refers to driver.o(i.TIM1_CC_IRQHandler) for TIM1_CC_IRQHandler
    startup_stm32f10x_hd.o(RESET) refers to usart.o(i.USART1_IRQHandler) for USART1_IRQHandler
    startup_stm32f10x_hd.o(RESET) refers to dial.o(i.TIM8_UP_IRQHandler) for TIM8_UP_IRQHandler
    startup_stm32f10x_hd.o(.text) refers to system_stm32f10x.o(i.SystemInit) for SystemInit
    startup_stm32f10x_hd.o(.text) refers to entry.o(.ARM.Collect$$$$00000000) for __main
    system_stm32f10x.o(i.SetSysClock) refers to system_stm32f10x.o(i.SetSysClockTo72) for SetSysClockTo72
    system_stm32f10x.o(i.SystemCoreClockUpdate) refers to system_stm32f10x.o(.data) for SystemCoreClock
    system_stm32f10x.o(i.SystemInit) refers to system_stm32f10x.o(i.SetSysClock) for SetSysClock
    stm32f10x_adc.o(i.ADC_DeInit) refers to stm32f10x_rcc.o(i.RCC_APB2PeriphResetCmd) for RCC_APB2PeriphResetCmd
    stm32f10x_bkp.o(i.BKP_DeInit) refers to stm32f10x_rcc.o(i.RCC_BackupResetCmd) for RCC_BackupResetCmd
    stm32f10x_can.o(i.CAN_DeInit) refers to stm32f10x_rcc.o(i.RCC_APB1PeriphResetCmd) for RCC_APB1PeriphResetCmd
    stm32f10x_can.o(i.CAN_GetITStatus) refers to stm32f10x_can.o(i.CheckITStatus) for CheckITStatus
    stm32f10x_cec.o(i.CEC_DeInit) refers to stm32f10x_rcc.o(i.RCC_APB1PeriphResetCmd) for RCC_APB1PeriphResetCmd
    stm32f10x_dac.o(i.DAC_DeInit) refers to stm32f10x_rcc.o(i.RCC_APB1PeriphResetCmd) for RCC_APB1PeriphResetCmd
    stm32f10x_flash.o(i.FLASH_EnableWriteProtection) refers to stm32f10x_flash.o(i.FLASH_WaitForLastOperation) for FLASH_WaitForLastOperation
    stm32f10x_flash.o(i.FLASH_EraseAllBank1Pages) refers to stm32f10x_flash.o(i.FLASH_WaitForLastBank1Operation) for FLASH_WaitForLastBank1Operation
    stm32f10x_flash.o(i.FLASH_EraseAllPages) refers to stm32f10x_flash.o(i.FLASH_WaitForLastOperation) for FLASH_WaitForLastOperation
    stm32f10x_flash.o(i.FLASH_EraseOptionBytes) refers to stm32f10x_flash.o(i.FLASH_GetReadOutProtectionStatus) for FLASH_GetReadOutProtectionStatus
    stm32f10x_flash.o(i.FLASH_EraseOptionBytes) refers to stm32f10x_flash.o(i.FLASH_WaitForLastOperation) for FLASH_WaitForLastOperation
    stm32f10x_flash.o(i.FLASH_ErasePage) refers to stm32f10x_flash.o(i.FLASH_WaitForLastOperation) for FLASH_WaitForLastOperation
    stm32f10x_flash.o(i.FLASH_ProgramHalfWord) refers to stm32f10x_flash.o(i.FLASH_WaitForLastOperation) for FLASH_WaitForLastOperation
    stm32f10x_flash.o(i.FLASH_ProgramOptionByteData) refers to stm32f10x_flash.o(i.FLASH_WaitForLastOperation) for FLASH_WaitForLastOperation
    stm32f10x_flash.o(i.FLASH_ProgramWord) refers to stm32f10x_flash.o(i.FLASH_WaitForLastOperation) for FLASH_WaitForLastOperation
    stm32f10x_flash.o(i.FLASH_ReadOutProtection) refers to stm32f10x_flash.o(i.FLASH_WaitForLastOperation) for FLASH_WaitForLastOperation
    stm32f10x_flash.o(i.FLASH_UserOptionByteConfig) refers to stm32f10x_flash.o(i.FLASH_WaitForLastOperation) for FLASH_WaitForLastOperation
    stm32f10x_flash.o(i.FLASH_WaitForLastBank1Operation) refers to stm32f10x_flash.o(i.FLASH_GetBank1Status) for FLASH_GetBank1Status
    stm32f10x_flash.o(i.FLASH_WaitForLastOperation) refers to stm32f10x_flash.o(i.FLASH_GetBank1Status) for FLASH_GetBank1Status
    stm32f10x_gpio.o(i.GPIO_AFIODeInit) refers to stm32f10x_rcc.o(i.RCC_APB2PeriphResetCmd) for RCC_APB2PeriphResetCmd
    stm32f10x_gpio.o(i.GPIO_DeInit) refers to stm32f10x_rcc.o(i.RCC_APB2PeriphResetCmd) for RCC_APB2PeriphResetCmd
    stm32f10x_i2c.o(i.I2C_DeInit) refers to stm32f10x_rcc.o(i.RCC_APB1PeriphResetCmd) for RCC_APB1PeriphResetCmd
[...]
    Removing stm32f10x_fsmc.o(i.FSMC_PCCARDCmd), (48 bytes).
    Removing stm32f10x_fsmc.o(i.FSMC_PCCARDDeInit), (40 bytes).
    Removing stm32f10x_fsmc.o(i.FSMC_PCCARDInit), (132 bytes).
    Removing stm32f10x_fsmc.o(i.FSMC_PCCARDStructInit), (60 bytes).
    Removing stm32f10x_gpio.o(i.GPIO_AFIODeInit), (20 bytes).
    Removing stm32f10x_gpio.o(i.GPIO_DeInit), (200 bytes).
    Removing stm32f10x_gpio.o(i.GPIO_ETH_MediaInterfaceConfig), (12 bytes).
    Removing stm32f10x_gpio.o(i.GPIO_EventOutputCmd), (12 bytes).
    Removing stm32f10x_gpio.o(i.GPIO_EventOutputConfig), (32 bytes).
    Removing stm32f10x_gpio.o(i.GPIO_PinLockConfig), (18 bytes).
    Removing stm32f10x_gpio.o(i.GPIO_ReadInputData), (8 bytes).
    Removing stm32f10x_gpio.o(i.GPIO_ReadOutputData), (8 bytes).
    Removing stm32f10x_gpio.o(i.GPIO_StructInit), (16 bytes).
    Removing stm32f10x_gpio.o(i.GPIO_Write), (4 bytes).
    Removing stm32f10x_i2c.o(i.I2C_ARPCmd), (24 bytes).
    Removing stm32f10x_i2c.o(i.I2C_AcknowledgeConfig), (24 bytes).
    Removing stm32f10x_i2c.o(i.I2C_CalculatePEC), (24 bytes).
    Removing stm32f10x_i2c.o(i.I2C_CheckEvent), (42 bytes).
    Removing stm32f10x_i2c.o(i.I2C_ClearFlag), (12 bytes).
    Removing stm32f10x_i2c.o(i.I2C_ClearITPendingBit), (12 bytes).
    Removing stm32f10x_i2c.o(i.I2C_Cmd), (24 bytes).
    Removing stm32f10x_i2c.o(i.I2C_DMACmd), (24 bytes).
    Removing stm32f10x_i2c.o(i.I2C_DMALastTransferCmd), (24 bytes).
    Removing stm32f10x_i2c.o(i.I2C_DeInit), (56 bytes).
    Removing stm32f10x_i2c.o(i.I2C_DualAddressCmd), (24 bytes).
    Removing stm32f10x_i2c.o(i.I2C_FastModeDutyCycleConfig), (28 bytes).
    Removing stm32f10x_i2c.o(i.I2C_GeneralCallCmd), (24 bytes).
    Removing stm32f10x_i2c.o(i.I2C_GenerateSTART), (24 bytes).
    Removing stm32f10x_i2c.o(i.I2C_GenerateSTOP), (24 bytes).
    Removing stm32f10x_i2c.o(i.I2C_GetFlagStatus), (58 bytes).
    Removing stm32f10x_i2c.o(i.I2C_GetITStatus), (38 bytes).
    Removing stm32f10x_i2c.o(i.I2C_GetLastEvent), (26 bytes).
    Removing stm32f10x_i2c.o(i.I2C_GetPEC), (8 bytes).
    Removing stm32f10x_i2c.o(i.I2C_ITConfig), (18 bytes).
    Removing stm32f10x_i2c.o(i.I2C_Init), (236 bytes).
    Removing stm32f10x_i2c.o(i.I2C_NACKPositionConfig), (28 bytes).
    Removing stm32f10x_i2c.o(i.I2C_OwnAddress2Config), (22 bytes).
    Removing stm32f10x_i2c.o(i.I2C_PECPositionConfig), (28 bytes).
    Removing stm32f10x_i2c.o(i.I2C_ReadRegister), (22 bytes).
    Removing stm32f10x_i2c.o(i.I2C_ReceiveData), (8 bytes).
    Removing stm32f10x_i2c.o(i.I2C_SMBusAlertConfig), (28 bytes).
    Removing stm32f10x_i2c.o(i.I2C_Send7bitAddress), (18 bytes).
    Removing stm32f10x_i2c.o(i.I2C_SendData), (4 bytes).
    Removing stm32f10x_i2c.o(i.I2C_SoftwareResetCmd), (22 bytes).
    Removing stm32f10x_i2c.o(i.I2C_StretchClockCmd), (24 bytes).
    Removing stm32f10x_i2c.o(i.I2C_StructInit), (30 bytes).
    Removing stm32f10x_i2c.o(i.I2C_TransmitPEC), (24 bytes).
    Removing stm32f10x_iwdg.o(i.IWDG_Enable), (16 bytes).
    Removing stm32f10x_iwdg.o(i.IWDG_GetFlagStatus), (24 bytes).
    Removing stm32f10x_iwdg.o(i.IWDG_ReloadCounter), (16 bytes).
    Removing stm32f10x_iwdg.o(i.IWDG_SetPrescaler), (12 bytes).
    Removing stm32f10x_iwdg.o(i.IWDG_SetReload), (12 bytes).
    Removing stm32f10x_iwdg.o(i.IWDG_WriteAccessCmd), (12 bytes).
    Removing stm32f10x_pwr.o(i.PWR_BackupAccessCmd), (12 bytes).
    Removing stm32f10x_pwr.o(i.PWR_ClearFlag), (20 bytes).
    Removing stm32f10x_pwr.o(i.PWR_DeInit), (22 bytes).
    Removing stm32f10x_pwr.o(i.PWR_EnterSTANDBYMode), (52 bytes).
    Removing stm32f10x_pwr.o(i.PWR_EnterSTOPMode), (64 bytes).
    Removing stm32f10x_pwr.o(i.PWR_GetFlagStatus), (24 bytes).
    Removing stm32f10x_pwr.o(i.PWR_PVDCmd), (12 bytes).
    Removing stm32f10x_pwr.o(i.PWR_PVDLevelConfig), (24 bytes).
    Removing stm32f10x_pwr.o(i.PWR_WakeUpPinCmd), (12 bytes).
    Removing stm32f10x_rcc.o(i.RCC_ADCCLKConfig), (24 bytes).
    Removing stm32f10x_rcc.o(i.RCC_AHBPeriphClockCmd), (32 bytes).
    Removing stm32f10x_rcc.o(i.RCC_APB1PeriphResetCmd), (32 bytes).
    Removing stm32f10x_rcc.o(i.RCC_APB2PeriphResetCmd), (32 bytes).
    Removing stm32f10x_rcc.o(i.RCC_AdjustHSICalibrationValue), (24 bytes).
    Removing stm32f10x_rcc.o(i.RCC_BackupResetCmd), (12 bytes).
    Removing stm32f10x_rcc.o(i.RCC_ClearFlag), (20 bytes).
    Removing stm32f10x_rcc.o(i.RCC_ClearITPendingBit), (12 bytes).
    Removing stm32f10x_rcc.o(i.RCC_ClockSecuritySystemCmd), (12 bytes).
    Removing stm32f10x_rcc.o(i.RCC_DeInit), (76 bytes).
    Removing stm32f10x_rcc.o(i.RCC_GetFlagStatus), (60 bytes).
    Removing stm32f10x_rcc.o(i.RCC_GetITStatus), (24 bytes).
    Removing stm32f10x_rcc.o(i.RCC_GetSYSCLKSource), (16 bytes).
    Removing stm32f10x_rcc.o(i.RCC_HCLKConfig), (24 bytes).
    Removing stm32f10x_rcc.o(i.RCC_HSEConfig), (76 bytes).
    Removing stm32f10x_rcc.o(i.RCC_HSICmd), (12 bytes).
    Removing stm32f10x_rcc.o(i.RCC_ITConfig), (32 bytes).
    Removing stm32f10x_rcc.o(i.RCC_LSEConfig), (52 bytes).
    Removing stm32f10x_rcc.o(i.RCC_LSICmd), (12 bytes).
    Removing stm32f10x_rcc.o(i.RCC_MCOConfig), (12 bytes).
    Removing stm32f10x_rcc.o(i.RCC_PCLK1Config), (24 bytes).
    Removing stm32f10x_rcc.o(i.RCC_PCLK2Config), (24 bytes).
    Removing stm32f10x_rcc.o(i.RCC_PLLCmd), (12 bytes).
    Removing stm32f10x_rcc.o(i.RCC_PLLConfig), (28 bytes).
    Removing stm32f10x_rcc.o(i.RCC_RTCCLKCmd), (12 bytes).
    Removing stm32f10x_rcc.o(i.RCC_RTCCLKConfig), (16 bytes).
    Removing stm32f10x_rcc.o(i.RCC_SYSCLKConfig), (24 bytes).
    Removing stm32f10x_rcc.o(i.RCC_USBCLKConfig), (12 bytes).
    Removing stm32f10x_rcc.o(i.RCC_WaitForHSEStartUp), (56 bytes).
    Removing stm32f10x_rtc.o(i.RTC_ClearFlag), (16 bytes).
    Removing stm32f10x_rtc.o(i.RTC_ClearITPendingBit), (16 bytes).
    Removing stm32f10x_rtc.o(i.RTC_EnterConfigMode), (20 bytes).
    Removing stm32f10x_rtc.o(i.RTC_ExitConfigMode), (20 bytes).
    Removing stm32f10x_rtc.o(i.RTC_GetCounter), (20 bytes).
    Removing stm32f10x_rtc.o(i.RTC_GetDivider), (24 bytes).
    Removing stm32f10x_rtc.o(i.RTC_GetFlagStatus), (24 bytes).
    Removing stm32f10x_rtc.o(i.RTC_GetITStatus), (36 bytes).
    Removing stm32f10x_rtc.o(i.RTC_ITConfig), (32 bytes).
    Removing stm32f10x_rtc.o(i.RTC_SetAlarm), (28 bytes).
    Removing stm32f10x_rtc.o(i.RTC_SetCounter), (28 bytes).
    Removing stm32f10x_rtc.o(i.RTC_SetPrescaler), (32 bytes).
    Removing stm32f10x_rtc.o(i.RTC_WaitForLastTask), (20 bytes).
    Removing stm32f10x_rtc.o(i.RTC_WaitForSynchro), (36 bytes).
    Removing stm32f10x_sdio.o(i.SDIO_CEATAITCmd), (16 bytes).
    Removing stm32f10x_sdio.o(i.SDIO_ClearFlag), (12 bytes).
    Removing stm32f10x_sdio.o(i.SDIO_ClearITPendingBit), (12 bytes).
    Removing stm32f10x_sdio.o(i.SDIO_ClockCmd), (12 bytes).
    Removing stm32f10x_sdio.o(i.SDIO_CmdStructInit), (14 bytes).
    Removing stm32f10x_sdio.o(i.SDIO_CommandCompletionCmd), (12 bytes).
    Removing stm32f10x_sdio.o(i.SDIO_DMACmd), (12 bytes).
    Removing stm32f10x_sdio.o(i.SDIO_DataConfig), (48 bytes).
    Removing stm32f10x_sdio.o(i.SDIO_DataStructInit), (20 bytes).
    Removing stm32f10x_sdio.o(i.SDIO_DeInit), (36 bytes).
    Removing stm32f10x_sdio.o(i.SDIO_GetCommandResponse), (12 bytes).
    Removing stm32f10x_sdio.o(i.SDIO_GetDataCounter), (12 bytes).
    Removing stm32f10x_sdio.o(i.SDIO_GetFIFOCount), (12 bytes).
    Removing stm32f10x_sdio.o(i.SDIO_GetFlagStatus), (24 bytes).
    Removing stm32f10x_sdio.o(i.SDIO_GetITStatus), (24 bytes).
    Removing stm32f10x_sdio.o(i.SDIO_GetPowerState), (16 bytes).
    Removing stm32f10x_sdio.o(i.SDIO_GetResponse), (24 bytes).
    Removing stm32f10x_sdio.o(i.SDIO_ITConfig), (32 bytes).
    Removing stm32f10x_sdio.o(i.SDIO_Init), (48 bytes).
    Removing stm32f10x_sdio.o(i.SDIO_ReadData), (12 bytes).
    Removing stm32f10x_sdio.o(i.SDIO_SendCEATACmd), (12 bytes).
    Removing stm32f10x_sdio.o(i.SDIO_SendCommand), (44 bytes).
    Removing stm32f10x_sdio.o(i.SDIO_SendSDIOSuspendCmd), (12 bytes).
    Removing stm32f10x_sdio.o(i.SDIO_SetPowerState), (28 bytes).
    Removing stm32f10x_sdio.o(i.SDIO_SetSDIOOperation), (12 bytes).
    Removing stm32f10x_sdio.o(i.SDIO_SetSDIOReadWaitMode), (12 bytes).
    Removing stm32f10x_sdio.o(i.SDIO_StartSDIOReadWait), (12 bytes).
    Removing stm32f10x_sdio.o(i.SDIO_StopSDIOReadWait), (12 bytes).
    Removing stm32f10x_sdio.o(i.SDIO_StructInit), (16 bytes).
    Removing stm32f10x_sdio.o(i.SDIO_WriteData), (12 bytes).
    Removing stm32f10x_spi.o(i.I2S_Cmd), (24 bytes).
    Removing stm32f10x_spi.o(i.I2S_Init), (232 bytes).
    Removing stm32f10x_spi.o(i.I2S_StructInit), (20 bytes).
    Removing stm32f10x_spi.o(i.SPI_BiDirectionalLineConfig), (28 bytes).
    Removing stm32f10x_spi.o(i.SPI_CalculateCRC), (24 bytes).
    Removing stm32f10x_spi.o(i.SPI_Cmd), (24 bytes).
    Removing stm32f10x_spi.o(i.SPI_DataSizeConfig), (18 bytes).
    Removing stm32f10x_spi.o(i.SPI_GetCRC), (16 bytes).
    Removing stm32f10x_spi.o(i.SPI_GetCRCPolynomial), (6 bytes).
    Removing stm32f10x_spi.o(i.SPI_I2S_ClearFlag), (6 bytes).
    Removing stm32f10x_spi.o(i.SPI_I2S_ClearITPendingBit), (20 bytes).
    Removing stm32f10x_spi.o(i.SPI_I2S_DMACmd), (18 bytes).
    Removing stm32f10x_spi.o(i.SPI_I2S_DeInit), (88 bytes).
    Removing stm32f10x_spi.o(i.SPI_I2S_GetFlagStatus), (18 bytes).
    Removing stm32f10x_spi.o(i.SPI_I2S_GetITStatus), (52 bytes).
    Removing stm32f10x_spi.o(i.SPI_I2S_ITConfig), (32 bytes).
    Removing stm32f10x_spi.o(i.SPI_I2S_ReceiveData), (6 bytes).
    Removing stm32f10x_spi.o(i.SPI_I2S_SendData), (4 bytes).
    Removing stm32f10x_spi.o(i.SPI_Init), (60 bytes).
    Removing stm32f10x_spi.o(i.SPI_NSSInternalSoftwareConfig), (30 bytes).
    Removing stm32f10x_spi.o(i.SPI_SSOutputCmd), (24 bytes).
    Removing stm32f10x_spi.o(i.SPI_StructInit), (24 bytes).
    Removing stm32f10x_spi.o(i.SPI_TransmitCRC), (10 bytes).
    Removing stm32f10x_tim.o(i.TI1_Config), (128 bytes).
    Removing stm32f10x_tim.o(i.TI2_Config), (152 bytes).
    Removing stm32f10x_tim.o(i.TI3_Config), (144 bytes).
    Removing stm32f10x_tim.o(i.TI4_Config), (152 bytes).
    Removing stm32f10x_tim.o(i.TIM_BDTRConfig), (32 bytes).
    Removing stm32f10x_tim.o(i.TIM_BDTRStructInit), (18 bytes).
    Removing stm32f10x_tim.o(i.TIM_CCPreloadControl), (24 bytes).
    Removing stm32f10x_tim.o(i.TIM_CCxNCmd), (30 bytes).
    Removing stm32f10x_tim.o(i.TIM_ClearOC1Ref), (18 bytes).
    Removing stm32f10x_tim.o(i.TIM_ClearOC2Ref), (24 bytes).
    Removing stm32f10x_tim.o(i.TIM_ClearOC3Ref), (18 bytes).
    Removing stm32f10x_tim.o(i.TIM_ClearOC4Ref), (24 bytes).
    Removing stm32f10x_tim.o(i.TIM_CounterModeConfig), (18 bytes).
    Removing stm32f10x_tim.o(i.TIM_DMACmd), (18 bytes).
    Removing stm32f10x_tim.o(i.TIM_DMAConfig), (10 bytes).
    Removing stm32f10x_tim.o(i.TIM_DeInit), (488 bytes).
    Removing stm32f10x_tim.o(i.TIM_ETRClockMode1Config), (54 bytes).
    Removing stm32f10x_tim.o(i.TIM_ETRClockMode2Config), (32 bytes).
    Removing stm32f10x_tim.o(i.TIM_ETRConfig), (28 bytes).
    Removing stm32f10x_tim.o(i.TIM_EncoderInterfaceConfig), (66 bytes).
    Removing stm32f10x_tim.o(i.TIM_ForcedOC1Config), (18 bytes).
    Removing stm32f10x_tim.o(i.TIM_ForcedOC2Config), (26 bytes).
    Removing stm32f10x_tim.o(i.TIM_ForcedOC3Config), (18 bytes).
    Removing stm32f10x_tim.o(i.TIM_ForcedOC4Config), (26 bytes).
    Removing stm32f10x_tim.o(i.TIM_GenerateEvent), (4 bytes).
    Removing stm32f10x_tim.o(i.TIM_GetCapture1), (6 bytes).
    Removing stm32f10x_tim.o(i.TIM_GetCapture2), (6 bytes).
    Removing stm32f10x_tim.o(i.TIM_GetCapture3), (6 bytes).
    Removing stm32f10x_tim.o(i.TIM_GetCapture4), (8 bytes).
    Removing stm32f10x_tim.o(i.TIM_GetCounter), (6 bytes).
    Removing stm32f10x_tim.o(i.TIM_GetFlagStatus), (18 bytes).
    Removing stm32f10x_tim.o(i.TIM_GetPrescaler), (6 bytes).
    Removing stm32f10x_tim.o(i.TIM_ICInit), (172 bytes).
    Removing stm32f10x_tim.o(i.TIM_ICStructInit), (18 bytes).
    Removing stm32f10x_tim.o(i.TIM_ITRxExternalClockConfig), (24 bytes).
    Removing stm32f10x_tim.o(i.TIM_InternalClockConfig), (12 bytes).
    Removing stm32f10x_tim.o(i.TIM_OC1FastConfig), (18 bytes).
    Removing stm32f10x_tim.o(i.TIM_OC1NPolarityConfig), (18 bytes).
    Removing stm32f10x_tim.o(i.TIM_OC1PolarityConfig), (18 bytes).
    Removing stm32f10x_tim.o(i.TIM_OC2FastConfig), (26 bytes).
    Removing stm32f10x_tim.o(i.TIM_OC2NPolarityConfig), (26 bytes).
    Removing stm32f10x_tim.o(i.TIM_OC2PolarityConfig), (26 bytes).
    Removing stm32f10x_tim.o(i.TIM_OC3FastConfig), (18 bytes).
    Removing stm32f10x_tim.o(i.TIM_OC3NPolarityConfig), (26 bytes).
    Removing stm32f10x_tim.o(i.TIM_OC3PolarityConfig), (26 bytes).
    Removing stm32f10x_tim.o(i.TIM_OC4FastConfig), (26 bytes).
    Removing stm32f10x_tim.o(i.TIM_OC4PolarityConfig), (26 bytes).
    Removing stm32f10x_tim.o(i.TIM_PWMIConfig), (124 bytes).
    Removing stm32f10x_tim.o(i.TIM_PrescalerConfig), (6 bytes).
    Removing stm32f10x_tim.o(i.TIM_SelectCCDMA), (24 bytes).
    Removing stm32f10x_tim.o(i.TIM_SelectCOM), (24 bytes).
    Removing stm32f10x_tim.o(i.TIM_SelectHallSensor), (24 bytes).
    Removing stm32f10x_tim.o(i.TIM_SelectInputTrigger), (18 bytes).
    Removing stm32f10x_tim.o(i.TIM_SelectMasterSlaveMode), (18 bytes).
    Removing stm32f10x_tim.o(i.TIM_SelectOCxM), (82 bytes).
    Removing stm32f10x_tim.o(i.TIM_SelectOnePulseMode), (18 bytes).
    Removing stm32f10x_tim.o(i.TIM_SelectOutputTrigger), (18 bytes).
    Removing stm32f10x_tim.o(i.TIM_SelectSlaveMode), (18 bytes).
    Removing stm32f10x_tim.o(i.TIM_SetClockDivision), (18 bytes).
    Removing stm32f10x_tim.o(i.TIM_SetCounter), (4 bytes).
    Removing stm32f10x_tim.o(i.TIM_SetIC1Prescaler), (18 bytes).
    Removing stm32f10x_tim.o(i.TIM_SetIC2Prescaler), (26 bytes).
    Removing stm32f10x_tim.o(i.TIM_SetIC3Prescaler), (18 bytes).
    Removing stm32f10x_tim.o(i.TIM_SetIC4Prescaler), (26 bytes).
    Removing stm32f10x_tim.o(i.TIM_TIxExternalClockConfig), (62 bytes).
    Removing stm32f10x_tim.o(i.TIM_TimeBaseStructInit), (18 bytes).
    Removing stm32f10x_tim.o(i.TIM_UpdateDisableConfig), (24 bytes).
    Removing stm32f10x_tim.o(i.TIM_UpdateRequestConfig), (24 bytes).
    Removing stm32f10x_usart.o(i.USART_ClearFlag), (18 bytes).
    Removing stm32f10x_usart.o(i.USART_ClockInit), (34 bytes).
    Removing stm32f10x_usart.o(i.USART_ClockStructInit), (12 bytes).
    Removing stm32f10x_usart.o(i.USART_DMACmd), (18 bytes).
    Removing stm32f10x_usart.o(i.USART_DeInit), (156 bytes).
    Removing stm32f10x_usart.o(i.USART_HalfDuplexCmd), (24 bytes).
    Removing stm32f10x_usart.o(i.USART_IrDACmd), (24 bytes).
    Removing stm32f10x_usart.o(i.USART_IrDAConfig), (18 bytes).
    Removing stm32f10x_usart.o(i.USART_LINBreakDetectLengthConfig), (18 bytes).
    Removing stm32f10x_usart.o(i.USART_LINCmd), (24 bytes).
    Removing stm32f10x_usart.o(i.USART_OneBitMethodCmd), (24 bytes).
    Removing stm32f10x_usart.o(i.USART_OverSampling8Cmd), (22 bytes).
    Removing stm32f10x_usart.o(i.USART_ReceiverWakeUpCmd), (24 bytes).
    Removing stm32f10x_usart.o(i.USART_SendBreak), (10 bytes).
    Removing stm32f10x_usart.o(i.USART_SetAddress), (18 bytes).
    Removing stm32f10x_usart.o(i.USART_SetGuardTime), (16 bytes).
    Removing stm32f10x_usart.o(i.USART_SetPrescaler), (16 bytes).
    Removing stm32f10x_usart.o(i.USART_SmartCardCmd), (24 bytes).
    Removing stm32f10x_usart.o(i.USART_SmartCardNACKCmd), (24 bytes).
    Removing stm32f10x_usart.o(i.USART_StructInit), (24 bytes).
    Removing stm32f10x_usart.o(i.USART_WakeUpConfig), (18 bytes).
    Removing stm32f10x_wwdg.o(i.WWDG_ClearFlag), (12 bytes).
    Removing stm32f10x_wwdg.o(i.WWDG_DeInit), (22 bytes).
    Removing stm32f10x_wwdg.o(i.WWDG_Enable), (16 bytes).
    Removing stm32f10x_wwdg.o(i.WWDG_EnableIT), (12 bytes).
    Removing stm32f10x_wwdg.o(i.WWDG_GetFlagStatus), (12 bytes).
    Removing stm32f10x_wwdg.o(i.WWDG_SetCounter), (16 bytes).
    Removing stm32f10x_wwdg.o(i.WWDG_SetPrescaler), (24 bytes).
    Removing stm32f10x_wwdg.o(i.WWDG_SetWindowValue), (40 bytes).
    Removing conveyor.o(i.Conveyor_TOGGLE), (20 bytes).
    Removing delay.o(i.delay_init), (68 bytes).
    Removing delay.o(i.delay_ms), (76 bytes).
    Removing delay.o(i.delay_us), (76 bytes).
    Removing delay.o(.data), (4 bytes).
    Removing dial.o(i.Dial_TOGGLE), (20 bytes).
    Removing dial.o(i.Set_Point), (12 bytes).
    Removing mg996r.o(i.Servo_Init), (24 bytes).
    Removing oled_1.o(i.OLED_Pow), (20 bytes).
    Removing oled_1.o(i.OLED_ShowBinNum), (62 bytes).
    Removing oled_1.o(i.OLED_ShowChar), (116 bytes).
    Removing oled_1.o(i.OLED_ShowHexNum), (84 bytes).
    Removing oled_1.o(i.OLED_ShowNum), (68 bytes).
    Removing oled_1.o(i.OLED_ShowSignedNum), (102 bytes).
    Removing oled_1.o(i.OLED_ShowString), (40 bytes).
    Removing oled_1.o(.constdata), (1520 bytes).
    Removing sys.o(i.NVIC_Configuration), (12 bytes).
    Removing usart.o(i.POW), (26 bytes).
    Removing usart.o(i.SendArray), (28 bytes).
    Removing usart.o(i.SendNumber), (178 bytes).
    Removing usart.o(i.Send_DataPacket), (28 bytes).
    Removing usart.o(i.fputc), (16 bytes).
    Removing cdcmple.o(.text), (48 bytes).

452 unused section(s) (total 19866 bytes) removed from the image.

==============================================================================

Image Symbol Table

    Local Symbols

    Symbol Name                              Value     Ov Type        Size  Object(Section)

    ../clib/../cmprslib/zerorunl2.c          0x00000000   Number         0  __dczerorl2.o ABSOLUTE
    ../clib/microlib/errno.c                 0x00000000   Number         0  errno.o ABSOLUTE
    ../clib/microlib/init/entry.s            0x00000000   Number         0  entry9a.o ABSOLUTE
    ../clib/microlib/init/entry.s            0x00000000   Number         0  entry2.o ABSOLUTE
    ../clib/microlib/init/entry.s            0x00000000   Number         0  entry9b.o ABSOLUTE
    ../clib/microlib/init/entry.s            0x00000000   Number         0  entry10a.o ABSOLUTE
    ../clib/microlib/init/entry.s            0x00000000   Number         0  entry10b.o ABSOLUTE
    ../clib/microlib/init/entry.s            0x00000000   Number         0  entry7b.o ABSOLUTE
    ../clib/microlib/init/entry.s            0x00000000   Number         0  entry11a.o ABSOLUTE
    ../clib/microlib/init/entry.s            0x00000000   Number         0  entry11b.o ABSOLUTE
    ../clib/microlib/init/entry.s            0x00000000   Number         0  entry5.o ABSOLUTE
    ../clib/microlib/init/entry.s            0x00000000   Number         0  entry8b.o ABSOLUTE
    ../clib/microlib/init/entry.s            0x00000000   Number         0  entry8a.o ABSOLUTE
    ../clib/microlib/init/entry.s            0x00000000   Number         0  entry7a.o ABSOLUTE
    ../clib/microlib/init/entry.s            0x00000000   Number         0  entry.o ABSOLUTE
    ../clib/microlib/longlong.c              0x00000000   Number         0  llsshr.o ABSOLUTE
    ../clib/microlib/longlong.c              0x00000000   Number         0  llushr.o ABSOLUTE
    ../clib/microlib/longlong.c              0x00000000   Number         0  llshl.o ABSOLUTE
    ../clib/microlib/string/strcmp.c         0x00000000   Number         0  strcmp.o ABSOLUTE
    ../clib/microlib/stubs.s                 0x00000000   Number         0  iusefp.o ABSOLUTE
    ../fplib/microlib/fpadd.c                0x00000000   Number         0  dadd.o ABSOLUTE
    ../fplib/microlib/fpdiv.c                0x00000000   Number         0  fdiv.o ABSOLUTE
    ../fplib/microlib/fpdiv.c                0x00000000   Number         0  ddiv.o ABSOLUTE
    ../fplib/microlib/fpepilogue.c           0x00000000   Number         0  fepilogue.o ABSOLUTE
    ../fplib/microlib/fpepilogue.c           0x00000000   Number         0  depilogue.o ABSOLUTE
    ../fplib/microlib/fpfix.c                0x00000000   Number         0  ffixui.o ABSOLUTE
    ../fplib/microlib/fpfix.c                0x00000000   Number         0  dfixi.o ABSOLUTE
    ../fplib/microlib/fpflt.c                0x00000000   Number         0  ffltui.o ABSOLUTE
    ../fplib/microlib/fpflt.c                0x00000000   Number         0  dfltui.o ABSOLUTE
    ../fplib/microlib/fpflt.c                0x00000000   Number         0  fflti.o ABSOLUTE
    ../fplib/microlib/fpflt.c                0x00000000   Number         0  dflti.o ABSOLUTE
    ../fplib/microlib/fpmul.c                0x00000000   Number         0  dmul.o ABSOLUTE
    ../fplib/microlib/fpmul.c                0x00000000   Number         0  fmul.o ABSOLUTE
    ../fplib/microlib/fpsqrt.c               0x00000000   Number         0  dsqrt.o ABSOLUTE
    ../mathlib/sqrt.c                        0x00000000   Number         0  sqrt.o ABSOLUTE
    ../mathlib/sqrt.c                        0x00000000   Number         0  sqrt_x.o ABSOLUTE
    ..\Libraries\CMSIS\core_cm3.c            0x00000000   Number         0  core_cm3.o ABSOLUTE
    ..\Libraries\CMSIS\startup\startup_stm32f10x_hd.s 0x00000000   Number         0  startup_stm32f10x_hd.o ABSOLUTE
    ..\Libraries\CMSIS\system_stm32f10x.c    0x00000000   Number         0  system_stm32f10x.o ABSOLUTE
    ..\Libraries\STM32F10x_StdPeriph_Driver\src\misc.c 0x00000000   Number         0  misc.o ABSOLUTE
    ..\Libraries\STM32F10x_StdPeriph_Driver\src\stm32f10x_adc.c 0x00000000   Number         0  stm32f10x_adc.o ABSOLUTE
    ..\Libraries\STM32F10x_StdPeriph_Driver\src\stm32f10x_bkp.c 0x00000000   Number         0  stm32f10x_bkp.o ABSOLUTE
    ..\Libraries\STM32F10x_StdPeriph_Driver\src\stm32f10x_can.c 0x00000000   Number         0  stm32f10x_can.o ABSOLUTE
    ..\Libraries\STM32F10x_StdPeriph_Driver\src\stm32f10x_cec.c 0x00000000   Number         0  stm32f10x_cec.o ABSOLUTE
    ..\Libraries\STM32F10x_StdPeriph_Driver\src\stm32f10x_crc.c 0x00000000   Number         0  stm32f10x_crc.o ABSOLUTE
    ..\Libraries\STM32F10x_StdPeriph_Driver\src\stm32f10x_dac.c 0x00000000   Number         0  stm32f10x_dac.o ABSOLUTE
    ..\Libraries\STM32F10x_StdPeriph_Driver\src\stm32f10x_dbgmcu.c 0x00000000   Number         0  stm32f10x_dbgmcu.o ABSOLUTE
    ..\Libraries\STM32F10x_StdPeriph_Driver\src\stm32f10x_dma.c 0x00000000   Number         0  stm32f10x_dma.o ABSOLUTE
    ..\Libraries\STM32F10x_StdPeriph_Driver\src\stm32f10x_exti.c 0x00000000   Number         0  stm32f10x_exti.o ABSOLUTE
    ..\Libraries\STM32F10x_StdPeriph_Driver\src\stm32f10x_flash.c 0x00000000   Number         0  stm32f10x_flash.o ABSOLUTE
    ..\Libraries\STM32F10x_StdPeriph_Driver\src\stm32f10x_fsmc.c 0x00000000   Number         0  stm32f10x_fsmc.o ABSOLUTE
    ..\Libraries\STM32F10x_StdPeriph_Driver\src\stm32f10x_gpio.c 0x00000000   Number         0  stm32f10x_gpio.o ABSOLUTE
    ..\Libraries\STM32F10x_StdPeriph_Driver\src\stm32f10x_i2c.c 0x00000000   Number         0  stm32f10x_i2c.o ABSOLUTE
    ..\Libraries\STM32F10x_StdPeriph_Driver\src\stm32f10x_iwdg.c 0x00000000   Number         0  stm32f10x_iwdg.o ABSOLUTE
    ..\Libraries\STM32F10x_StdPeriph_Driver\src\stm32f10x_pwr.c 0x00000000   Number         0  stm32f10x_pwr.o ABSOLUTE
    ..\Libraries\STM32F10x_StdPeriph_Driver\src\stm32f10x_rcc.c 0x00000000   Number         0  stm32f10x_rcc.o ABSOLUTE
    ..\Libraries\STM32F10x_StdPeriph_Driver\src\stm32f10x_rtc.c 0x00000000   Number         0  stm32f10x_rtc.o ABSOLUTE
    ..\Libraries\STM32F10x_StdPeriph_Driver\src\stm32f10x_sdio.c 0x00000000   Number         0  stm32f10x_sdio.o ABSOLUTE
    ..\Libraries\STM32F10x_StdPeriph_Driver\src\stm32f10x_spi.c 0x00000000   Number         0  stm32f10x_spi.o ABSOLUTE
    ..\Libraries\STM32F10x_StdPeriph_Driver\src\stm32f10x_tim.c 0x00000000   Number         0  stm32f10x_tim.o ABSOLUTE
    ..\Libraries\STM32F10x_StdPeriph_Driver\src\stm32f10x_usart.c 0x00000000   Number         0  stm32f10x_usart.o ABSOLUTE
    ..\Libraries\STM32F10x_StdPeriph_Driver\src\stm32f10x_wwdg.c 0x00000000   Number         0  stm32f10x_wwdg.o ABSOLUTE
    ..\User\main.c                           0x00000000   Number         0  main.o ABSOLUTE
    ..\User\stm32f10x_it.c                   0x00000000   Number         0  stm32f10x_it.o ABSOLUTE
    ..\\Libraries\\CMSIS\\core_cm3.c         0x00000000   Number         0  core_cm3.o ABSOLUTE
    ..\src\Bug.c                             0x00000000   Number         0  bug.o ABSOLUTE
    ..\src\Conveyor.c                        0x00000000   Number         0  conveyor.o ABSOLUTE
    ..\src\Dial.c                            0x00000000   Number         0  dial.o ABSOLUTE
    ..\src\MG996R.c                          0x00000000   Number         0  mg996r.o ABSOLUTE
    ..\src\OLED.c                            0x00000000   Number         0  oled_1.o ABSOLUTE
    ..\src\Usart.c                           0x00000000   Number         0  usart.o ABSOLUTE
    ..\src\delay.c                           0x00000000   Number         0  delay.o ABSOLUTE
    ..\src\driver.c                          0x00000000   Number         0  driver.o ABSOLUTE
    ..\src\sys.c                             0x00000000   Number         0  sys.o ABSOLUTE
    cdcmple.s                                0x00000000   Number         0  cdcmple.o ABSOLUTE
    cdrcmple.s                               0x00000000   Number         0  cdrcmple.o ABSOLUTE
    dc.s                                     0x00000000   Number         0  dc.o ABSOLUTE
    handlers.s                               0x00000000   Number         0  handlers.o ABSOLUTE
    init.s                                   0x00000000   Number         0  init.o ABSOLUTE
    RESET                                    0x08000000   Section      304  startup_stm32f10x_hd.o(RESET)
    .ARM.Collect$$$$00000000                 0x08000130   Section        0  entry.o(.ARM.Collect$$$$00000000)
    .ARM.Collect$$$$00000001                 0x08000130   Section        4  entry2.o(.ARM.Collect$$$$00000001)
    .ARM.Collect$$$$00000004                 0x08000134   Section        4  entry5.o(.ARM.Collect$$$$00000004)
    .ARM.Collect$$$$00000008                 0x08000138   Section        0  entry7b.o(.ARM.Collect$$$$00000008)
    .ARM.Collect$$$$0000000A                 0x08000138   Section        0  entry8b.o(.ARM.Collect$$$$0000000A)
    .ARM.Collect$$$$0000000B                 0x08000138   Section        8  entry9a.o(.ARM.Collect$$$$0000000B)
    .ARM.Collect$$$$0000000D                 0x08000140   Section        0  entry10a.o(.ARM.Collect$$$$0000000D)
    .ARM.Collect$$$$0000000F                 0x08000140   Section        0  entry11a.o(.ARM.Collect$$$$0000000F)
    .ARM.Collect$$$$00002712                 0x08000140   Section        4  entry2.o(.ARM.Collect$$$$00002712)
    __lit__00000000                          0x08000140   Data           4  entry2.o(.ARM.Collect$$$$00002712)
    .text                                    0x08000144   Section       36  startup_stm32f10x_hd.o(.text)
    .text                                    0x08000168   Section        0  strcmp.o(.text)
    .text                                    0x08000184   Section        0  fmul.o(.text)
    .text                                    0x080001e8   Section        0  fdiv.o(.text)
    .text                                    0x08000264   Section        0  dadd.o(.text)
    .text                                    0x080003b2   Section        0  dmul.o(.text)
    .text                                    0x08000496   Section        0  ddiv.o(.text)
    .text                                    0x08000574   Section        0  fflti.o(.text)
    .text                                    0x08000586   Section        0  ffltui.o(.text)
    .text                                    0x08000590   Section        0  dflti.o(.text)
    .text                                    0x080005b2   Section        0  dfltui.o(.text)
    .text                                    0x080005cc   Section        0  ffixui.o(.text)
    .text                                    0x080005f4   Section        0  dfixi.o(.text)
    .text                                    0x08000634   Section       48  cdrcmple.o(.text)
    .text                                    0x08000664   Section        0  llshl.o(.text)
    .text                                    0x08000682   Section        0  llushr.o(.text)
    .text                                    0x080006a2   Section        0  llsshr.o(.text)
    .text                                    0x080006c6   Section        0  iusefp.o(.text)
    .text                                    0x080006c6   Section        0  fepilogue.o(.text)
    .text                                    0x08000734   Section        0  depilogue.o(.text)
    .text                                    0x080007ee   Section        0  dsqrt.o(.text)
    .text                                    0x08000890   Section       36  init.o(.text)
    .text                                    0x080008b4   Section        0  __dczerorl2.o(.text)
    i.AxisMove                               0x0800090c   Section        0  driver.o(i.AxisMove)
    i.Bug                                    0x08000bc4   Section        0  bug.o(i.Bug)
    i.BusFault_Handler                       0x08000bdc   Section        0  stm32f10x_it.o(i.BusFault_Handler)
    i.Conveyor_INIT                          0x08000be0   Section        0  conveyor.o(i.Conveyor_INIT)
    i.Conveyor_OFF                           0x08000c14   Section        0  conveyor.o(i.Conveyor_OFF)
    i.Conveyor_ON                            0x08000c24   Section        0  conveyor.o(i.Conveyor_ON)
    i.DebugMon_Handler                       0x08000c34   Section        0  stm32f10x_it.o(i.DebugMon_Handler)
    i.Dial_Init                              0x08000c38   Section        0  dial.o(i.Dial_Init)
    i.Dial_State_Update                      0x08000d48   Section        0  dial.o(i.Dial_State_Update)
    i.EXTI4_IRQHandler                       0x08000db0   Section        0  driver.o(i.EXTI4_IRQHandler)
    i.EXTI_ClearITPendingBit                 0x08000dc8   Section        0  stm32f10x_exti.o(i.EXTI_ClearITPendingBit)
    i.EXTI_GetITStatus                       0x08000dd4   Section        0  stm32f10x_exti.o(i.EXTI_GetITStatus)
    i.EXTI_INIT                              0x08000dfc   Section        0  driver.o(i.EXTI_INIT)
    i.EXTI_Init                              0x08000e70   Section        0  stm32f10x_exti.o(i.EXTI_Init)
    i.GPIO_EXTILineConfig                    0x08000f04   Section        0  stm32f10x_gpio.o(i.GPIO_EXTILineConfig)
    i.GPIO_Init                              0x08000f44   Section        0  stm32f10x_gpio.o(i.GPIO_Init)
    i.GPIO_PinRemapConfig                    0x0800105c   Section        0  stm32f10x_gpio.o(i.GPIO_PinRemapConfig)
    i.GPIO_ReadInputDataBit                  0x080010ec   Section        0  stm32f10x_gpio.o(i.GPIO_ReadInputDataBit)
    i.GPIO_ReadOutputDataBit                 0x080010fe   Section        0  stm32f10x_gpio.o(i.GPIO_ReadOutputDataBit)
    i.GPIO_ResetBits                         0x08001110   Section        0  stm32f10x_gpio.o(i.GPIO_ResetBits)
    i.GPIO_SetBits                           0x08001114   Section        0  stm32f10x_gpio.o(i.GPIO_SetBits)
    i.GPIO_WriteBit                          0x08001118   Section        0  stm32f10x_gpio.o(i.GPIO_WriteBit)
    i.HardFault_Handler                      0x08001122   Section        0  stm32f10x_it.o(i.HardFault_Handler)
    i.MG996R1_Init                           0x08001128   Section        0  mg996r.o(i.MG996R1_Init)
    i.MG996R2_Init                           0x080011bc   Section        0  mg996r.o(i.MG996R2_Init)
    i.MOVE_1_                                0x08001250   Section        0  driver.o(i.MOVE_1_)
    i.MOVE_2_                                0x08001320   Section        0  driver.o(i.MOVE_2_)
    i.MOVE_INIT                              0x08001434   Section        0  driver.o(i.MOVE_INIT)
    i.MemManage_Handler                      0x08001498   Section        0  stm32f10x_it.o(i.MemManage_Handler)
    i.Min_cylinder                           0x0800149c   Section        0  dial.o(i.Min_cylinder)
    i.Min_square                             0x080015ac   Section        0  dial.o(i.Min_square)
    i.Min_triangle                           0x0800170c   Section        0  dial.o(i.Min_triangle)
    i.NMI_Handler                            0x0800186c   Section        0  stm32f10x_it.o(i.NMI_Handler)
    i.NVIC_Init                              0x08001870   Section        0  misc.o(i.NVIC_Init)
    i.NVIC_PriorityGroupConfig               0x080018e0   Section        0  misc.o(i.NVIC_PriorityGroupConfig)
    i.OLED_Clear                             0x080018f4   Section        0  oled_1.o(i.OLED_Clear)
    i.OLED_I2C_Init                          0x08001920   Section        0  oled_1.o(i.OLED_I2C_Init)
    i.OLED_I2C_SendByte                      0x0800196c   Section        0  oled_1.o(i.OLED_I2C_SendByte)
    i.OLED_I2C_Start                         0x080019bc   Section        0  oled_1.o(i.OLED_I2C_Start)
    i.OLED_I2C_Stop                          0x080019ec   Section        0  oled_1.o(i.OLED_I2C_Stop)
    i.OLED_Init                              0x08001a14   Section        0  oled_1.o(i.OLED_Init)
    i.OLED_SetCursor                         0x08001ac2   Section        0  oled_1.o(i.OLED_SetCursor)
    i.OLED_WriteCommand                      0x08001ae4   Section        0  oled_1.o(i.OLED_WriteCommand)
    i.OLED_WriteData                         0x08001b04   Section        0  oled_1.o(i.OLED_WriteData)
    i.PendSV_Handler                         0x08001b24   Section        0  stm32f10x_it.o(i.PendSV_Handler)
    i.RCC_APB1PeriphClockCmd                 0x08001b28   Section        0  stm32f10x_rcc.o(i.RCC_APB1PeriphClockCmd)
    i.RCC_APB2PeriphClockCmd                 0x08001b48   Section        0  stm32f10x_rcc.o(i.RCC_APB2PeriphClockCmd)
    i.RCC_GetClocksFreq                      0x08001b68   Section        0  stm32f10x_rcc.o(i.RCC_GetClocksFreq)
    i.STEPMOTOR1_Driver_Init                 0x08001c3c   Section        0  driver.o(i.STEPMOTOR1_Driver_Init)
    STEPMOTOR1_Driver_Init                   0x08001c3d   Thumb Code    82  driver.o(i.STEPMOTOR1_Driver_Init)
    i.STEPMOTOR2_Driver_Init                 0x08001c98   Section        0  driver.o(i.STEPMOTOR2_Driver_Init)
    STEPMOTOR2_Driver_Init                   0x08001c99   Thumb Code   108  driver.o(i.STEPMOTOR2_Driver_Init)
    i.STEPMOTOR3_Driver_Init                 0x08001d0c   Section        0  driver.o(i.STEPMOTOR3_Driver_Init)
    STEPMOTOR3_Driver_Init                   0x08001d0d   Thumb Code   114  driver.o(i.STEPMOTOR3_Driver_Init)
    i.STEPMOTOR4_Driver_Init                 0x08001d88   Section        0  driver.o(i.STEPMOTOR4_Driver_Init)
    STEPMOTOR4_Driver_Init                   0x08001d89   Thumb Code   114  driver.o(i.STEPMOTOR4_Driver_Init)
    i.STEPMOTOR_NVIC_Init                    0x08001e04   Section        0  driver.o(i.STEPMOTOR_NVIC_Init)
    STEPMOTOR_NVIC_Init                      0x08001e05   Thumb Code    38  driver.o(i.STEPMOTOR_NVIC_Init)
    i.SVC_Handler                            0x08001e2a   Section        0  stm32f10x_it.o(i.SVC_Handler)
    i.SendData                               0x08001e2c   Section        0  usart.o(i.SendData)
    i.SendString                             0x08001e4c   Section        0  usart.o(i.SendString)
    i.Servo_Run                              0x08001e68   Section        0  mg996r.o(i.Servo_Run)
    i.Servo_SetLength                        0x08001edc   Section        0  mg996r.o(i.Servo_SetLength)
    i.SetSysClock                            0x08001f18   Section        0  system_stm32f10x.o(i.SetSysClock)
    SetSysClock                              0x08001f19   Thumb Code     8  system_stm32f10x.o(i.SetSysClock)
    i.SetSysClockTo72                        0x08001f20   Section        0  system_stm32f10x.o(i.SetSysClockTo72)
    SetSysClockTo72                          0x08001f21   Thumb Code   214  system_stm32f10x.o(i.SetSysClockTo72)
    i.Set_Dial_PWM                           0x08002000   Section        0  dial.o(i.Set_Dial_PWM)
    i.Step_Motor_Contrl                      0x08002014   Section        0  driver.o(i.Step_Motor_Contrl)
    i.Step_Motor_Init                        0x08002084   Section        0  driver.o(i.Step_Motor_Init)
    i.SysTick_Handler                        0x08002128   Section        0  stm32f10x_it.o(i.SysTick_Handler)
    i.SystemInit                             0x0800212c   Section        0  system_stm32f10x.o(i.SystemInit)
    i.TIM1_CC_IRQHandler                     0x0800218c   Section        0  driver.o(i.TIM1_CC_IRQHandler)
    i.TIM1_PWM_Init                          0x080026b4   Section        0  driver.o(i.TIM1_PWM_Init)
    i.TIM8_UP_IRQHandler                     0x080027b4   Section        0  dial.o(i.TIM8_UP_IRQHandler)
    i.TIM_ARRPreloadConfig                   0x080027f8   Section        0  stm32f10x_tim.o(i.TIM_ARRPreloadConfig)
    i.TIM_CCxCmd                             0x08002810   Section        0  stm32f10x_tim.o(i.TIM_CCxCmd)
    i.TIM_ClearFlag                          0x0800282e   Section        0  stm32f10x_tim.o(i.TIM_ClearFlag)
    i.TIM_ClearITPendingBit                  0x08002834   Section        0  stm32f10x_tim.o(i.TIM_ClearITPendingBit)
    i.TIM_Cmd                                0x0800283a   Section        0  stm32f10x_tim.o(i.TIM_Cmd)
    i.TIM_CtrlPWMOutputs                     0x08002852   Section        0  stm32f10x_tim.o(i.TIM_CtrlPWMOutputs)
    i.TIM_GetITStatus                        0x08002870   Section        0  stm32f10x_tim.o(i.TIM_GetITStatus)
    i.TIM_ITConfig                           0x08002892   Section        0  stm32f10x_tim.o(i.TIM_ITConfig)
    i.TIM_OC1Init                            0x080028a4   Section        0  stm32f10x_tim.o(i.TIM_OC1Init)
    i.TIM_OC1PreloadConfig                   0x0800293c   Section        0  stm32f10x_tim.o(i.TIM_OC1PreloadConfig)
    i.TIM_OC2Init                            0x08002950   Section        0  stm32f10x_tim.o(i.TIM_OC2Init)
    i.TIM_OC2PreloadConfig                   0x080029f4   Section        0  stm32f10x_tim.o(i.TIM_OC2PreloadConfig)
    i.TIM_OC3Init                            0x08002a10   Section        0  stm32f10x_tim.o(i.TIM_OC3Init)
    i.TIM_OC3PreloadConfig                   0x08002ab0   Section        0  stm32f10x_tim.o(i.TIM_OC3PreloadConfig)
    i.TIM_OC4Init                            0x08002ac4   Section        0  stm32f10x_tim.o(i.TIM_OC4Init)
    i.TIM_OC4PreloadConfig                   0x08002b40   Section        0  stm32f10x_tim.o(i.TIM_OC4PreloadConfig)
    i.TIM_OCStructInit                       0x08002b5a   Section        0  stm32f10x_tim.o(i.TIM_OCStructInit)
    i.TIM_SetAutoreload                      0x08002b6e   Section        0  stm32f10x_tim.o(i.TIM_SetAutoreload)
    i.TIM_SetCompare1                        0x08002b72   Section        0  stm32f10x_tim.o(i.TIM_SetCompare1)
    i.TIM_SetCompare2                        0x08002b76   Section        0  stm32f10x_tim.o(i.TIM_SetCompare2)
    i.TIM_SetCompare3                        0x08002b7a   Section        0  stm32f10x_tim.o(i.TIM_SetCompare3)
    i.TIM_SetCompare4                        0x08002b7e   Section        0  stm32f10x_tim.o(i.TIM_SetCompare4)
    i.TIM_TimeBaseInit                       0x08002b84   Section        0  stm32f10x_tim.o(i.TIM_TimeBaseInit)
    i.USART1_IRQHandler                      0x08002c28   Section        0  usart.o(i.USART1_IRQHandler)
    i.USART_ClearITPendingBit                0x08002c60   Section        0  stm32f10x_usart.o(i.USART_ClearITPendingBit)
    i.USART_Cmd                              0x08002c7e   Section        0  stm32f10x_usart.o(i.USART_Cmd)
    i.USART_GetFlagStatus                    0x08002c96   Section        0  stm32f10x_usart.o(i.USART_GetFlagStatus)
    i.USART_GetITStatus                      0x08002cb0   Section        0  stm32f10x_usart.o(i.USART_GetITStatus)
    i.USART_ITConfig                         0x08002d04   Section        0  stm32f10x_usart.o(i.USART_ITConfig)
    i.USART_Init                             0x08002d50   Section        0  stm32f10x_usart.o(i.USART_Init)
    i.USART_ReceiveData                      0x08002e28   Section        0  stm32f10x_usart.o(i.USART_ReceiveData)
    i.USART_SendData                         0x08002e32   Section        0  stm32f10x_usart.o(i.USART_SendData)
    i.UsageFault_Handler                     0x08002e3a   Section        0  stm32f10x_it.o(i.UsageFault_Handler)
    i.Usart_Init                             0x08002e40   Section        0  usart.o(i.Usart_Init)
    i.__scatterload_copy                     0x08002ef8   Section       14  handlers.o(i.__scatterload_copy)
    i.__scatterload_null                     0x08002f06   Section        2  handlers.o(i.__scatterload_null)
    i.__scatterload_zeroinit                 0x08002f08   Section       14  handlers.o(i.__scatterload_zeroinit)
    i.__set_errno                            0x08002f18   Section        0  errno.o(i.__set_errno)
    i.foreward                               0x08002f24   Section        0  dial.o(i.foreward)
    i.limit_switch_init                      0x08002f34   Section        0  driver.o(i.limit_switch_init)
    i.limitswitch                            0x08002f58   Section        0  driver.o(i.limitswitch)
    i.main                                   0x08002fe4   Section        0  main.o(i.main)
    i.reversal                               0x08003538   Section        0  dial.o(i.reversal)
    i.sqrt                                   0x08003548   Section        0  sqrt.o(i.sqrt)
    i.timdisable                             0x08003594   Section        0  driver.o(i.timdisable)
    i.timopen                                0x08003644   Section        0  driver.o(i.timopen)
    .constdata                               0x080036f4   Section       64  driver.o(.constdata)
    .data                                    0x20000000   Section       20  stm32f10x_rcc.o(.data)
    APBAHBPrescTable                         0x20000000   Data          16  stm32f10x_rcc.o(.data)
    ADCPrescTable                            0x20000010   Data           4  stm32f10x_rcc.o(.data)
    .data                                    0x20000014   Section       22  main.o(.data)
    .data                                    0x2000002c   Section        7  dial.o(.data)
    .data                                    0x20000034   Section      400  driver.o(.data)
    xw1                                      0x20000034   Data           1  driver.o(.data)
    xw2                                      0x20000035   Data           1  driver.o(.data)
    xw3                                      0x20000036   Data           1  driver.o(.data)
    xw4                                      0x20000037   Data           1  driver.o(.data)
    last_accel_delay                         0x200001b8   Data           8  driver.o(.data)
    i                                        0x200001c0   Data           4  driver.o(.data)
    .data                                    0x200001c4   Section       10  usart.o(.data)
    .data                                    0x200001d0   Section        4  errno.o(.data)
    _errno                                   0x200001d0   Data           4  errno.o(.data)
    .bss                                     0x200001d4   Section      144  driver.o(.bss)
    step_count                               0x20000244   Data          16  driver.o(.bss)
    rest                                     0x20000254   Data          16  driver.o(.bss)
    .bss                                     0x20000264   Section      100  usart.o(.bss)
    STACK                                    0x200002c8   Section     1024  startup_stm32f10x_hd.o(STACK)

    Global Symbols

    Symbol Name                              Value     Ov Type        Size  Object(Section)

    BuildAttributes$$THM_ISAv4$P$D$K$B$S$PE$A:L22UL41UL21$X:L11$S22US41US21$IEEE1$IW$USESV6$~STKCKD$USESV7$~SHL$OTIME$ROPI$IEEEJ$EBA8$MICROLIB$REQ8$PRES8$EABIv2 0x00000000   Number         0  anon$$obj.o ABSOLUTE
    __ARM_use_no_argv                        0x00000000   Number         0  main.o ABSOLUTE
    __cpp_initialize__aeabi_                  - Undefined Weak Reference
    __cxa_finalize                            - Undefined Weak Reference
    _clock_init                               - Undefined Weak Reference
    _microlib_exit                            - Undefined Weak Reference
    __Vectors_Size                           0x00000130   Number         0  startup_stm32f10x_hd.o ABSOLUTE
    __Vectors                                0x08000000   Data           4  startup_stm32f10x_hd.o(RESET)
    __Vectors_End                            0x08000130   Data           0  startup_stm32f10x_hd.o(RESET)
    __main                                   0x08000131   Thumb Code     0  entry.o(.ARM.Collect$$$$00000000)
    _main_stk                                0x08000131   Thumb Code     0  entry2.o(.ARM.Collect$$$$00000001)
    _main_scatterload                        0x08000135   Thumb Code     0  entry5.o(.ARM.Collect$$$$00000004)
    __main_after_scatterload                 0x08000139   Thumb Code     0  entry5.o(.ARM.Collect$$$$00000004)
    _main_clock                              0x08000139   Thumb Code     0  entry7b.o(.ARM.Collect$$$$00000008)
    _main_cpp_init                           0x08000139   Thumb Code     0  entry8b.o(.ARM.Collect$$$$0000000A)
    _main_init                               0x08000139   Thumb Code     0  entry9a.o(.ARM.Collect$$$$0000000B)
    __rt_final_cpp                           0x08000141   Thumb Code     0  entry10a.o(.ARM.Collect$$$$0000000D)
    __rt_final_exit                          0x08000141   Thumb Code     0  entry11a.o(.ARM.Collect$$$$0000000F)
    Reset_Handler                            0x08000145   Thumb Code     8  startup_stm32f10x_hd.o(.text)
    ADC1_2_IRQHandler                        0x0800015f   Thumb Code     0  startup_stm32f10x_hd.o(.text)
    ADC3_IRQHandler                          0x0800015f   Thumb Code     0  startup_stm32f10x_hd.o(.text)
    CAN1_RX1_IRQHandler                      0x0800015f   Thumb Code     0  startup_stm32f10x_hd.o(.text)
    CAN1_SCE_IRQHandler                      0x0800015f   Thumb Code     0  startup_stm32f10x_hd.o(.text)
    DMA1_Channel1_IRQHandler                 0x0800015f   Thumb Code     0  startup_stm32f10x_hd.o(.text)
    DMA1_Channel2_IRQHandler                 0x0800015f   Thumb Code     0  startup_stm32f10x_hd.o(.text)
    DMA1_Channel3_IRQHandler                 0x0800015f   Thumb Code     0  startup_stm32f10x_hd.o(.text)
    DMA1_Channel4_IRQHandler                 0x0800015f   Thumb Code     0  startup_stm32f10x_hd.o(.text)
    DMA1_Channel5_IRQHandler                 0x0800015f   Thumb Code     0  startup_stm32f10x_hd.o(.text)
    DMA1_Channel6_IRQHandler                 0x0800015f   Thumb Code     0  startup_stm32f10x_hd.o(.text)
    DMA1_Channel7_IRQHandler                 0x0800015f   Thumb Code     0  startup_stm32f10x_hd.o(.text)
    DMA2_Channel1_IRQHandler                 0x0800015f   Thumb Code     0  startup_stm32f10x_hd.o(.text)
    DMA2_Channel2_IRQHandler                 0x0800015f   Thumb Code     0  startup_stm32f10x_hd.o(.text)
    DMA2_Channel3_IRQHandler                 0x0800015f   Thumb Code     0  startup_stm32f10x_hd.o(.text)
    DMA2_Channel4_5_IRQHandler               0x0800015f   Thumb Code     0  startup_stm32f10x_hd.o(.text)
    EXTI0_IRQHandler                         0x0800015f   Thumb Code     0  startup_stm32f10x_hd.o(.text)
    EXTI15_10_IRQHandler                     0x0800015f   Thumb Code     0  startup_stm32f10x_hd.o(.text)
    EXTI1_IRQHandler                         0x0800015f   Thumb Code     0  startup_stm32f10x_hd.o(.text)
    EXTI2_IRQHandler                         0x0800015f   Thumb Code     0  startup_stm32f10x_hd.o(.text)
    EXTI3_IRQHandler                         0x0800015f   Thumb Code     0  startup_stm32f10x_hd.o(.text)
    EXTI9_5_IRQHandler                       0x0800015f   Thumb Code     0  startup_stm32f10x_hd.o(.text)
    FLASH_IRQHandler                         0x0800015f   Thumb Code     0  startup_stm32f10x_hd.o(.text)
    FSMC_IRQHandler                          0x0800015f   Thumb Code     0  startup_stm32f10x_hd.o(.text)
    I2C1_ER_IRQHandler                       0x0800015f   Thumb Code     0  startup_stm32f10x_hd.o(.text)
    I2C1_EV_IRQHandler                       0x0800015f   Thumb Code     0  startup_stm32f10x_hd.o(.text)
    I2C2_ER_IRQHandler                       0x0800015f   Thumb Code     0  startup_stm32f10x_hd.o(.text)
    I2C2_EV_IRQHandler                       0x0800015f   Thumb Code     0  startup_stm32f10x_hd.o(.text)
    PVD_IRQHandler                           0x0800015f   Thumb Code     0  startup_stm32f10x_hd.o(.text)
    RCC_IRQHandler                           0x0800015f   Thumb Code     0  startup_stm32f10x_hd.o(.text)
    RTCAlarm_IRQHandler                      0x0800015f   Thumb Code     0  startup_stm32f10x_hd.o(.text)
    RTC_IRQHandler                           0x0800015f   Thumb Code     0  startup_stm32f10x_hd.o(.text)
    SDIO_IRQHandler                          0x0800015f   Thumb Code     0  startup_stm32f10x_hd.o(.text)
    SPI1_IRQHandler                          0x0800015f   Thumb Code     0  startup_stm32f10x_hd.o(.text)
    SPI2_IRQHandler                          0x0800015f   Thumb Code     0  startup_stm32f10x_hd.o(.text)
    SPI3_IRQHandler                          0x0800015f   Thumb Code     0  startup_stm32f10x_hd.o(.text)
    TAMPER_IRQHandler                        0x0800015f   Thumb Code     0  startup_stm32f10x_hd.o(.text)
    TIM1_BRK_IRQHandler                      0x0800015f   Thumb Code     0  startup_stm32f10x_hd.o(.text)
    TIM1_TRG_COM_IRQHandler                  0x0800015f   Thumb Code     0  startup_stm32f10x_hd.o(.text)
    TIM1_UP_IRQHandler                       0x0800015f   Thumb Code     0  startup_stm32f10x_hd.o(.text)
    TIM2_IRQHandler                          0x0800015f   Thumb Code     0  startup_stm32f10x_hd.o(.text)
    TIM3_IRQHandler                          0x0800015f   Thumb Code     0  startup_stm32f10x_hd.o(.text)
    TIM4_IRQHandler                          0x0800015f   Thumb Code     0  startup_stm32f10x_hd.o(.text)
    TIM5_IRQHandler                          0x0800015f   Thumb Code     0  startup_stm32f10x_hd.o(.text)
    TIM6_IRQHandler                          0x0800015f   Thumb Code     0  startup_stm32f10x_hd.o(.text)
    TIM7_IRQHandler                          0x0800015f   Thumb Code     0  startup_stm32f10x_hd.o(.text)
    TIM8_BRK_IRQHandler                      0x0800015f   Thumb Code     0  startup_stm32f10x_hd.o(.text)
    TIM8_CC_IRQHandler                       0x0800015f   Thumb Code     0  startup_stm32f10x_hd.o(.text)
    TIM8_TRG_COM_IRQHandler                  0x0800015f   Thumb Code     0  startup_stm32f10x_hd.o(.text)
    UART4_IRQHandler                         0x0800015f   Thumb Code     0  startup_stm32f10x_hd.o(.text)
    UART5_IRQHandler                         0x0800015f   Thumb Code     0  startup_stm32f10x_hd.o(.text)
    USART2_IRQHandler                        0x0800015f   Thumb Code     0  startup_stm32f10x_hd.o(.text)
    USART3_IRQHandler                        0x0800015f   Thumb Code     0  startup_stm32f10x_hd.o(.text)
    USBWakeUp_IRQHandler                     0x0800015f   Thumb Code     0  startup_stm32f10x_hd.o(.text)
    USB_HP_CAN1_TX_IRQHandler                0x0800015f   Thumb Code     0  startup_stm32f10x_hd.o(.text)
    USB_LP_CAN1_RX0_IRQHandler               0x0800015f   Thumb Code     0  startup_stm32f10x_hd.o(.text)
    WWDG_IRQHandler                          0x0800015f   Thumb Code     0  startup_stm32f10x_hd.o(.text)
    strcmp                                   0x08000169   Thumb Code    28  strcmp.o(.text)
    __aeabi_fmul                             0x08000185   Thumb Code   100  fmul.o(.text)
    __aeabi_fdiv                             0x080001e9   Thumb Code   124  fdiv.o(.text)
    __aeabi_dadd                             0x08000265   Thumb Code   322  dadd.o(.text)
    __aeabi_dsub                             0x080003a7   Thumb Code     6  dadd.o(.text)
    __aeabi_drsub                            0x080003ad   Thumb Code     6  dadd.o(.text)
    __aeabi_dmul                             0x080003b3   Thumb Code   228  dmul.o(.text)
    __aeabi_ddiv                             0x08000497   Thumb Code   222  ddiv.o(.text)
    __aeabi_i2f                              0x08000575   Thumb Code    18  fflti.o(.text)
    __aeabi_ui2f                             0x08000587   Thumb Code    10  ffltui.o(.text)
    __aeabi_i2d                              0x08000591   Thumb Code    34  dflti.o(.text)
    __aeabi_ui2d                             0x080005b3   Thumb Code    26  dfltui.o(.text)
    __aeabi_f2uiz                            0x080005cd   Thumb Code    40  ffixui.o(.text)
    __aeabi_d2iz                             0x080005f5   Thumb Code    62  dfixi.o(.text)
    __aeabi_cdrcmple                         0x08000635   Thumb Code    48  cdrcmple.o(.text)
    __aeabi_llsl                             0x08000665   Thumb Code    30  llshl.o(.text)
    _ll_shift_l                              0x08000665   Thumb Code     0  llshl.o(.text)
    __aeabi_llsr                             0x08000683   Thumb Code    32  llushr.o(.text)
    _ll_ushift_r                             0x08000683   Thumb Code     0  llushr.o(.text)
    __aeabi_lasr                             0x080006a3   Thumb Code    36  llsshr.o(.text)
    _ll_sshift_r                             0x080006a3   Thumb Code     0  llsshr.o(.text)
    __I$use$fp                               0x080006c7   Thumb Code     0  iusefp.o(.text)
    _float_round                             0x080006c7   Thumb Code    18  fepilogue.o(.text)
    _float_epilogue                          0x080006d9   Thumb Code    92  fepilogue.o(.text)
    _double_round                            0x08000735   Thumb Code    30  depilogue.o(.text)
    _double_epilogue                         0x08000753   Thumb Code   156  depilogue.o(.text)
    _dsqrt                                   0x080007ef   Thumb Code   162  dsqrt.o(.text)
    __scatterload                            0x08000891   Thumb Code    28  init.o(.text)
    __scatterload_rt2                        0x08000891   Thumb Code     0  init.o(.text)
    __decompress                             0x080008b5   Thumb Code     0  __dczerorl2.o(.text)
    __decompress1                            0x080008b5   Thumb Code    86  __dczerorl2.o(.text)
    AxisMove                                 0x0800090d   Thumb Code   666  driver.o(i.AxisMove)
    Bug                                      0x08000bc5   Thumb Code    24  bug.o(i.Bug)
    BusFault_Handler                         0x08000bdd   Thumb Code     4  stm32f10x_it.o(i.BusFault_Handler)
    Conveyor_INIT                            0x08000be1   Thumb Code    46  conveyor.o(i.Conveyor_INIT)
    Conveyor_OFF                             0x08000c15   Thumb Code    12  conveyor.o(i.Conveyor_OFF)
    Conveyor_ON                              0x08000c25   Thumb Code    12  conveyor.o(i.Conveyor_ON)
    DebugMon_Handler                         0x08000c35   Thumb Code     2  stm32f10x_it.o(i.DebugMon_Handler)
    Dial_Init                                0x08000c39   Thumb Code   262  dial.o(i.Dial_Init)
    Dial_State_Update                        0x08000d49   Thumb Code    86  dial.o(i.Dial_State_Update)
    EXTI4_IRQHandler                         0x08000db1   Thumb Code    24  driver.o(i.EXTI4_IRQHandler)
    EXTI_ClearITPendingBit                   0x08000dc9   Thumb Code     6  stm32f10x_exti.o(i.EXTI_ClearITPendingBit)
    EXTI_GetITStatus                         0x08000dd5   Thumb Code    34  stm32f10x_exti.o(i.EXTI_GetITStatus)
    EXTI_INIT                                0x08000dfd   Thumb Code   112  driver.o(i.EXTI_INIT)
    EXTI_Init                                0x08000e71   Thumb Code   142  stm32f10x_exti.o(i.EXTI_Init)
    GPIO_EXTILineConfig                      0x08000f05   Thumb Code    60  stm32f10x_gpio.o(i.GPIO_EXTILineConfig)
    GPIO_Init                                0x08000f45   Thumb Code   278  stm32f10x_gpio.o(i.GPIO_Init)
    GPIO_PinRemapConfig                      0x0800105d   Thumb Code   138  stm32f10x_gpio.o(i.GPIO_PinRemapConfig)
    GPIO_ReadInputDataBit                    0x080010ed   Thumb Code    18  stm32f10x_gpio.o(i.GPIO_ReadInputDataBit)
    GPIO_ReadOutputDataBit                   0x080010ff   Thumb Code    18  stm32f10x_gpio.o(i.GPIO_ReadOutputDataBit)
    GPIO_ResetBits                           0x08001111   Thumb Code     4  stm32f10x_gpio.o(i.GPIO_ResetBits)
    GPIO_SetBits                             0x08001115   Thumb Code     4  stm32f10x_gpio.o(i.GPIO_SetBits)
    GPIO_WriteBit                            0x08001119   Thumb Code    10  stm32f10x_gpio.o(i.GPIO_WriteBit)
    HardFault_Handler                        0x08001123   Thumb Code     4  stm32f10x_it.o(i.HardFault_Handler)
    MG996R1_Init                             0x08001129   Thumb Code   140  mg996r.o(i.MG996R1_Init)
    MG996R2_Init                             0x080011bd   Thumb Code   140  mg996r.o(i.MG996R2_Init)
    MOVE_1_                                  0x08001251   Thumb Code   154  driver.o(i.MOVE_1_)
    MOVE_2_                                  0x08001321   Thumb Code   208  driver.o(i.MOVE_2_)
    MOVE_INIT                                0x08001435   Thumb Code    62  driver.o(i.MOVE_INIT)
    MemManage_Handler                        0x08001499   Thumb Code     4  stm32f10x_it.o(i.MemManage_Handler)
    Min_cylinder                             0x0800149d   Thumb Code   262  dial.o(i.Min_cylinder)
    Min_square                               0x080015ad   Thumb Code   342  dial.o(i.Min_square)
    Min_triangle                             0x0800170d   Thumb Code   342  dial.o(i.Min_triangle)
    NMI_Handler                              0x0800186d   Thumb Code     2  stm32f10x_it.o(i.NMI_Handler)
    NVIC_Init                                0x08001871   Thumb Code   100  misc.o(i.NVIC_Init)
    NVIC_PriorityGroupConfig                 0x080018e1   Thumb Code    10  misc.o(i.NVIC_PriorityGroupConfig)
    OLED_Clear                               0x080018f5   Thumb Code    42  oled_1.o(i.OLED_Clear)
    OLED_I2C_Init                            0x08001921   Thumb Code    72  oled_1.o(i.OLED_I2C_Init)
    OLED_I2C_SendByte                        0x0800196d   Thumb Code    74  oled_1.o(i.OLED_I2C_SendByte)
    OLED_I2C_Start                           0x080019bd   Thumb Code    44  oled_1.o(i.OLED_I2C_Start)
    OLED_I2C_Stop                            0x080019ed   Thumb Code    34  oled_1.o(i.OLED_I2C_Stop)
    OLED_Init                                0x08001a15   Thumb Code   174  oled_1.o(i.OLED_Init)
    OLED_SetCursor                           0x08001ac3   Thumb Code    34  oled_1.o(i.OLED_SetCursor)
    OLED_WriteCommand                        0x08001ae5   Thumb Code    32  oled_1.o(i.OLED_WriteCommand)
    OLED_WriteData                           0x08001b05   Thumb Code    32  oled_1.o(i.OLED_WriteData)
    PendSV_Handler                           0x08001b25   Thumb Code     2  stm32f10x_it.o(i.PendSV_Handler)
    RCC_APB1PeriphClockCmd                   0x08001b29   Thumb Code    26  stm32f10x_rcc.o(i.RCC_APB1PeriphClockCmd)
    RCC_APB2PeriphClockCmd                   0x08001b49   Thumb Code    26  stm32f10x_rcc.o(i.RCC_APB2PeriphClockCmd)
    RCC_GetClocksFreq                        0x08001b69   Thumb Code   192  stm32f10x_rcc.o(i.RCC_GetClocksFreq)
    SVC_Handler                              0x08001e2b   Thumb Code     2  stm32f10x_it.o(i.SVC_Handler)
    SendData                                 0x08001e2d   Thumb Code    28  usart.o(i.SendData)
    SendString                               0x08001e4d   Thumb Code    26  usart.o(i.SendString)
    Servo_Run                                0x08001e69   Thumb Code    96  mg996r.o(i.Servo_Run)
    Servo_SetLength                          0x08001edd   Thumb Code    54  mg996r.o(i.Servo_SetLength)
    Set_Dial_PWM                             0x08002001   Thumb Code    14  dial.o(i.Set_Dial_PWM)
    Step_Motor_Contrl                        0x08002015   Thumb Code   108  driver.o(i.Step_Motor_Contrl)
    Step_Motor_Init                          0x08002085   Thumb Code   144  driver.o(i.Step_Motor_Init)
    SysTick_Handler                          0x08002129   Thumb Code     2  stm32f10x_it.o(i.SysTick_Handler)
    SystemInit                               0x0800212d   Thumb Code    78  system_stm32f10x.o(i.SystemInit)
    TIM1_CC_IRQHandler                       0x0800218d   Thumb Code  1302  driver.o(i.TIM1_CC_IRQHandler)
    TIM1_PWM_Init                            0x080026b5   Thumb Code   248  driver.o(i.TIM1_PWM_Init)
    TIM8_UP_IRQHandler                       0x080027b5   Thumb Code    56  dial.o(i.TIM8_UP_IRQHandler)
    TIM_ARRPreloadConfig                     0x080027f9   Thumb Code    24  stm32f10x_tim.o(i.TIM_ARRPreloadConfig)
    TIM_CCxCmd                               0x08002811   Thumb Code    30  stm32f10x_tim.o(i.TIM_CCxCmd)
    TIM_ClearFlag                            0x0800282f   Thumb Code     6  stm32f10x_tim.o(i.TIM_ClearFlag)
    TIM_ClearITPendingBit                    0x08002835   Thumb Code     6  stm32f10x_tim.o(i.TIM_ClearITPendingBit)
    TIM_Cmd                                  0x0800283b   Thumb Code    24  stm32f10x_tim.o(i.TIM_Cmd)
    TIM_CtrlPWMOutputs                       0x08002853   Thumb Code    30  stm32f10x_tim.o(i.TIM_CtrlPWMOutputs)
    TIM_GetITStatus                          0x08002871   Thumb Code    34  stm32f10x_tim.o(i.TIM_GetITStatus)
    TIM_ITConfig                             0x08002893   Thumb Code    18  stm32f10x_tim.o(i.TIM_ITConfig)
    TIM_OC1Init                              0x080028a5   Thumb Code   132  stm32f10x_tim.o(i.TIM_OC1Init)
    TIM_OC1PreloadConfig                     0x0800293d   Thumb Code    18  stm32f10x_tim.o(i.TIM_OC1PreloadConfig)
    TIM_OC2Init                              0x08002951   Thumb Code   154  stm32f10x_tim.o(i.TIM_OC2Init)
    TIM_OC2PreloadConfig                     0x080029f5   Thumb Code    26  stm32f10x_tim.o(i.TIM_OC2PreloadConfig)
    TIM_OC3Init                              0x08002a11   Thumb Code   150  stm32f10x_tim.o(i.TIM_OC3Init)
    TIM_OC3PreloadConfig                     0x08002ab1   Thumb Code    18  stm32f10x_tim.o(i.TIM_OC3PreloadConfig)
    TIM_OC4Init                              0x08002ac5   Thumb Code   114  stm32f10x_tim.o(i.TIM_OC4Init)
    TIM_OC4PreloadConfig                     0x08002b41   Thumb Code    26  stm32f10x_tim.o(i.TIM_OC4PreloadConfig)
    TIM_OCStructInit                         0x08002b5b   Thumb Code    20  stm32f10x_tim.o(i.TIM_OCStructInit)
    TIM_SetAutoreload                        0x08002b6f   Thumb Code     4  stm32f10x_tim.o(i.TIM_SetAutoreload)
    TIM_SetCompare1                          0x08002b73   Thumb Code     4  stm32f10x_tim.o(i.TIM_SetCompare1)
    TIM_SetCompare2                          0x08002b77   Thumb Code     4  stm32f10x_tim.o(i.TIM_SetCompare2)
    TIM_SetCompare3                          0x08002b7b   Thumb Code     4  stm32f10x_tim.o(i.TIM_SetCompare3)
    TIM_SetCompare4                          0x08002b7f   Thumb Code     6  stm32f10x_tim.o(i.TIM_SetCompare4)
    TIM_TimeBaseInit                         0x08002b85   Thumb Code   122  stm32f10x_tim.o(i.TIM_TimeBaseInit)
    USART1_IRQHandler                        0x08002c29   Thumb Code    44  usart.o(i.USART1_IRQHandler)
    USART_ClearITPendingBit                  0x08002c61   Thumb Code    30  stm32f10x_usart.o(i.USART_ClearITPendingBit)
    USART_Cmd                                0x08002c7f   Thumb Code    24  stm32f10x_usart.o(i.USART_Cmd)
    USART_GetFlagStatus                      0x08002c97   Thumb Code    26  stm32f10x_usart.o(i.USART_GetFlagStatus)
    USART_GetITStatus                        0x08002cb1   Thumb Code    84  stm32f10x_usart.o(i.USART_GetITStatus)
    USART_ITConfig                           0x08002d05   Thumb Code    74  stm32f10x_usart.o(i.USART_ITConfig)
    USART_Init                               0x08002d51   Thumb Code   210  stm32f10x_usart.o(i.USART_Init)
    USART_ReceiveData                        0x08002e29   Thumb Code    10  stm32f10x_usart.o(i.USART_ReceiveData)
    USART_SendData                           0x08002e33   Thumb Code     8  stm32f10x_usart.o(i.USART_SendData)
    UsageFault_Handler                       0x08002e3b   Thumb Code     4  stm32f10x_it.o(i.UsageFault_Handler)
    Usart_Init                               0x08002e41   Thumb Code   176  usart.o(i.Usart_Init)
    __scatterload_copy                       0x08002ef9   Thumb Code    14  handlers.o(i.__scatterload_copy)
    __scatterload_null                       0x08002f07   Thumb Code     2  handlers.o(i.__scatterload_null)
    __scatterload_zeroinit                   0x08002f09   Thumb Code    14  handlers.o(i.__scatterload_zeroinit)
    __set_errno                              0x08002f19   Thumb Code     6  errno.o(i.__set_errno)
    foreward                                 0x08002f25   Thumb Code    12  dial.o(i.foreward)
    limit_switch_init                        0x08002f35   Thumb Code    32  driver.o(i.limit_switch_init)
    limitswitch                              0x08002f59   Thumb Code   112  driver.o(i.limitswitch)
    main                                     0x08002fe5   Thumb Code  1334  main.o(i.main)
    reversal                                 0x08003539   Thumb Code    12  dial.o(i.reversal)
    sqrt                                     0x08003549   Thumb Code    76  sqrt.o(i.sqrt)
    timdisable                               0x08003595   Thumb Code   170  driver.o(i.timdisable)
    timopen                                  0x08003645   Thumb Code   170  driver.o(i.timopen)
    Timer                                    0x080036f4   Data          64  driver.o(.constdata)
    Region$$Table$$Base                      0x08003734   Number         0  anon$$obj.o(Region$$Table)
    Region$$Table$$Limit                     0x08003754   Number         0  anon$$obj.o(Region$$Table)
    Dial_Now                                 0x20000014   Data           1  main.o(.data)
    Dial                                     0x20000015   Data           8  main.o(.data)
    triangle                                 0x2000001d   Data           3  main.o(.data)
    cylinder                                 0x20000020   Data           2  main.o(.data)
    square                                   0x20000022   Data           3  main.o(.data)
    cylinder_min                             0x20000025   Data           1  main.o(.data)
    triangle_min                             0x20000026   Data           1  main.o(.data)
    square_min                               0x20000027   Data           1  main.o(.data)
    tp                                       0x20000028   Data           1  main.o(.data)
    temp_Arm                                 0x20000029   Data           1  main.o(.data)
    Point                                    0x2000002c   Data           4  dial.o(.data)
    temp_Arm_square                          0x20000030   Data           1  dial.o(.data)
    temp_Arm_triangle                        0x20000031   Data           1  dial.o(.data)
    temp_Arm_cylinder                        0x20000032   Data           1  dial.o(.data)
    acc                                      0x20000038   Data          16  driver.o(.data)
    spd                                      0x20000048   Data          16  driver.o(.data)
    dec                                      0x20000058   Data          16  driver.o(.data)
    Init_acc                                 0x20000068   Data          16  driver.o(.data)
    Init_spd                                 0x20000078   Data          16  driver.o(.data)
    Init_dec                                 0x20000088   Data          16  driver.o(.data)
    Init                                     0x20000098   Data          16  driver.o(.data)
    Init2                                    0x200000a8   Data          16  driver.o(.data)
    MOVE1                                    0x200000b8   Data          16  driver.o(.data)
    MOVE2                                    0x200000c8   Data          16  driver.o(.data)
    MOVE4                                    0x200000d8   Data          16  driver.o(.data)
    MOVE3                                    0x200000e8   Data          16  driver.o(.data)
    MOVE5                                    0x200000f8   Data          16  driver.o(.data)
    MOVE6                                    0x20000108   Data          16  driver.o(.data)
    MOVE7                                    0x20000118   Data          16  driver.o(.data)
    MOVE8                                    0x20000128   Data          16  driver.o(.data)
    MOVE9                                    0x20000138   Data          16  driver.o(.data)
    MOVE_A                                   0x20000148   Data          16  driver.o(.data)
    MOVE_B                                   0x20000158   Data          16  driver.o(.data)
    MOVE_C                                   0x20000168   Data          16  driver.o(.data)
    MOVE_D                                   0x20000178   Data          16  driver.o(.data)
    MOVE_E                                   0x20000188   Data          16  driver.o(.data)
    MOVE_F                                   0x20000198   Data          16  driver.o(.data)
    MOVE_TP                                  0x200001a8   Data          16  driver.o(.data)
    TxPacket                                 0x200001c4   Data           8  usart.o(.data)
    RXD_ReceiveFlag                          0x200001cc   Data           1  usart.o(.data)
    RXD_ReceiveData                          0x200001cd   Data           1  usart.o(.data)
    position                                 0x200001d4   Data          16  driver.o(.bss)
    srd                                      0x200001e4   Data          96  driver.o(.bss)
    RxPacket                                 0x20000264   Data         100  usart.o(.bss)
    __initial_sp                             0x200006c8   Data           0  startup_stm32f10x_hd.o(STACK)



==============================================================================

Memory Map of the image

  Image Entry point : 0x08000131

  Load Region LR_IROM1 (Base: 0x08000000, Size: 0x00003928, Max: 0x00080000, ABSOLUTE, COMPRESSED[0x00003800])

    Execution Region ER_IROM1 (Exec base: 0x08000000, Load base: 0x08000000, Size: 0x00003754, Max: 0x00080000, ABSOLUTE)

    Exec Addr    Load Addr    Size         Type   Attr      Idx    E Section Name        Object

    0x08000000   0x08000000   0x00000130   Data   RO            3    RESET               startup_stm32f10x_hd.o
    0x08000130   0x08000130   0x00000000   Code   RO         3743  * .ARM.Collect$$$$00000000  mc_w.l(entry.o)
    0x08000130   0x08000130   0x00000004   Code   RO         3772    .ARM.Collect$$$$00000001  mc_w.l(entry2.o)
    0x08000134   0x08000134   0x00000004   Code   RO         3775    .ARM.Collect$$$$00000004  mc_w.l(entry5.o)
    0x08000138   0x08000138   0x00000000   Code   RO         3777    .ARM.Collect$$$$00000008  mc_w.l(entry7b.o)
    0x08000138   0x08000138   0x00000000   Code   RO         3779    .ARM.Collect$$$$0000000A  mc_w.l(entry8b.o)
    0x08000138   0x08000138   0x00000008   Code   RO         3780    .ARM.Collect$$$$0000000B  mc_w.l(entry9a.o)
    0x08000140   0x08000140   0x00000000   Code   RO         3782    .ARM.Collect$$$$0000000D  mc_w.l(entry10a.o)
    0x08000140   0x08000140   0x00000000   Code   RO         3784    .ARM.Collect$$$$0000000F  mc_w.l(entry11a.o)
    0x08000140   0x08000140   0x00000004   Code   RO         3773    .ARM.Collect$$$$00002712  mc_w.l(entry2.o)
    0x08000144   0x08000144   0x00000024   Code   RO            4    .text               startup_stm32f10x_hd.o
    0x08000168   0x08000168   0x0000001c   Code   RO         3746    .text               mc_w.l(strcmp.o)
    0x08000184   0x08000184   0x00000064   Code   RO         3748    .text               mf_w.l(fmul.o)
    0x080001e8   0x080001e8   0x0000007c   Code   RO         3750    .text               mf_w.l(fdiv.o)
    0x08000264   0x08000264   0x0000014e   Code   RO         3752    .text               mf_w.l(dadd.o)
    0x080003b2   0x080003b2   0x000000e4   Code   RO         3754    .text               mf_w.l(dmul.o)
    0x08000496   0x08000496   0x000000de   Code   RO         3756    .text               mf_w.l(ddiv.o)
    0x08000574   0x08000574   0x00000012   Code   RO         3758    .text               mf_w.l(fflti.o)
    0x08000586   0x08000586   0x0000000a   Code   RO         3760    .text               mf_w.l(ffltui.o)
    0x08000590   0x08000590   0x00000022   Code   RO         3762    .text               mf_w.l(dflti.o)
    0x080005b2   0x080005b2   0x0000001a   Code   RO         3764    .text               mf_w.l(dfltui.o)
    0x080005cc   0x080005cc   0x00000028   Code   RO         3766    .text               mf_w.l(ffixui.o)
    0x080005f4   0x080005f4   0x0000003e   Code   RO         3768    .text               mf_w.l(dfixi.o)
    0x08000632   0x08000632   0x00000002   PAD
    0x08000634   0x08000634   0x00000030   Code   RO         3770    .text               mf_w.l(cdrcmple.o)
    0x08000664   0x08000664   0x0000001e   Code   RO         3786    .text               mc_w.l(llshl.o)
    0x08000682   0x08000682   0x00000020   Code   RO         3788    .text               mc_w.l(llushr.o)
    0x080006a2   0x080006a2   0x00000024   Code   RO         3790    .text               mc_w.l(llsshr.o)
    0x080006c6   0x080006c6   0x00000000   Code   RO         3799    .text               mc_w.l(iusefp.o)
    0x080006c6   0x080006c6   0x0000006e   Code   RO         3800    .text               mf_w.l(fepilogue.o)
    0x08000734   0x08000734   0x000000ba   Code   RO         3802    .text               mf_w.l(depilogue.o)
    0x080007ee   0x080007ee   0x000000a2   Code   RO         3804    .text               mf_w.l(dsqrt.o)
    0x08000890   0x08000890   0x00000024   Code   RO         3808    .text               mc_w.l(init.o)
    0x080008b4   0x080008b4   0x00000056   Code   RO         3818    .text               mc_w.l(__dczerorl2.o)
    0x0800090a   0x0800090a   0x00000002   PAD
    0x0800090c   0x0800090c   0x000002b8   Code   RO         3381    i.AxisMove          driver.o
    0x08000bc4   0x08000bc4   0x00000018   Code   RO         3233    i.Bug               bug.o
    0x08000bdc   0x08000bdc   0x00000004   Code   RO         3108    i.BusFault_Handler  stm32f10x_it.o
    0x08000be0   0x08000be0   0x00000034   Code   RO         3245    i.Conveyor_INIT     conveyor.o
    0x08000c14   0x08000c14   0x00000010   Code   RO         3246    i.Conveyor_OFF      conveyor.o
    0x08000c24   0x08000c24   0x00000010   Code   RO         3247    i.Conveyor_ON       conveyor.o
    0x08000c34   0x08000c34   0x00000002   Code   RO         3109    i.DebugMon_Handler  stm32f10x_it.o
    0x08000c36   0x08000c36   0x00000002   PAD
    0x08000c38   0x08000c38   0x00000110   Code   RO         3301    i.Dial_Init         dial.o
    0x08000d48   0x08000d48   0x00000068   Code   RO         3302    i.Dial_State_Update  dial.o
    0x08000db0   0x08000db0   0x00000018   Code   RO         3382    i.EXTI4_IRQHandler  driver.o
    0x08000dc8   0x08000dc8   0x0000000c   Code   RO          939    i.EXTI_ClearITPendingBit  stm32f10x_exti.o
    0x08000dd4   0x08000dd4   0x00000028   Code   RO          943    i.EXTI_GetITStatus  stm32f10x_exti.o
    0x08000dfc   0x08000dfc   0x00000074   Code   RO         3383    i.EXTI_INIT         driver.o
    0x08000e70   0x08000e70   0x00000094   Code   RO          944    i.EXTI_Init         stm32f10x_exti.o
    0x08000f04   0x08000f04   0x00000040   Code   RO         1289    i.GPIO_EXTILineConfig  stm32f10x_gpio.o
    0x08000f44   0x08000f44   0x00000116   Code   RO         1292    i.GPIO_Init         stm32f10x_gpio.o
    0x0800105a   0x0800105a   0x00000002   PAD
    0x0800105c   0x0800105c   0x00000090   Code   RO         1294    i.GPIO_PinRemapConfig  stm32f10x_gpio.o
    0x080010ec   0x080010ec   0x00000012   Code   RO         1296    i.GPIO_ReadInputDataBit  stm32f10x_gpio.o
    0x080010fe   0x080010fe   0x00000012   Code   RO         1298    i.GPIO_ReadOutputDataBit  stm32f10x_gpio.o
    0x08001110   0x08001110   0x00000004   Code   RO         1299    i.GPIO_ResetBits    stm32f10x_gpio.o
    0x08001114   0x08001114   0x00000004   Code   RO         1300    i.GPIO_SetBits      stm32f10x_gpio.o
    0x08001118   0x08001118   0x0000000a   Code   RO         1303    i.GPIO_WriteBit     stm32f10x_gpio.o
    0x08001122   0x08001122   0x00000004   Code   RO         3110    i.HardFault_Handler  stm32f10x_it.o
    0x08001126   0x08001126   0x00000002   PAD
    0x08001128   0x08001128   0x00000094   Code   RO         3512    i.MG996R1_Init      mg996r.o
    0x080011bc   0x080011bc   0x00000094   Code   RO         3513    i.MG996R2_Init      mg996r.o
    0x08001250   0x08001250   0x000000d0   Code   RO         3384    i.MOVE_1_           driver.o
    0x08001320   0x08001320   0x00000114   Code   RO         3385    i.MOVE_2_           driver.o
    0x08001434   0x08001434   0x00000064   Code   RO         3386    i.MOVE_INIT         driver.o
    0x08001498   0x08001498   0x00000004   Code   RO         3111    i.MemManage_Handler  stm32f10x_it.o
    0x0800149c   0x0800149c   0x00000110   Code   RO         3304    i.Min_cylinder      dial.o
    0x080015ac   0x080015ac   0x00000160   Code   RO         3305    i.Min_square        dial.o
    0x0800170c   0x0800170c   0x00000160   Code   RO         3306    i.Min_triangle      dial.o
    0x0800186c   0x0800186c   0x00000002   Code   RO         3112    i.NMI_Handler       stm32f10x_it.o
    0x0800186e   0x0800186e   0x00000002   PAD
    0x08001870   0x08001870   0x00000070   Code   RO          137    i.NVIC_Init         misc.o
    0x080018e0   0x080018e0   0x00000014   Code   RO          138    i.NVIC_PriorityGroupConfig  misc.o
    0x080018f4   0x080018f4   0x0000002a   Code   RO         3548    i.OLED_Clear        oled_1.o
    0x0800191e   0x0800191e   0x00000002   PAD
    0x08001920   0x08001920   0x0000004c   Code   RO         3549    i.OLED_I2C_Init     oled_1.o
    0x0800196c   0x0800196c   0x00000050   Code   RO         3550    i.OLED_I2C_SendByte  oled_1.o
    0x080019bc   0x080019bc   0x00000030   Code   RO         3551    i.OLED_I2C_Start    oled_1.o
    0x080019ec   0x080019ec   0x00000028   Code   RO         3552    i.OLED_I2C_Stop     oled_1.o
    0x08001a14   0x08001a14   0x000000ae   Code   RO         3553    i.OLED_Init         oled_1.o
    0x08001ac2   0x08001ac2   0x00000022   Code   RO         3555    i.OLED_SetCursor    oled_1.o
    0x08001ae4   0x08001ae4   0x00000020   Code   RO         3562    i.OLED_WriteCommand  oled_1.o
    0x08001b04   0x08001b04   0x00000020   Code   RO         3563    i.OLED_WriteData    oled_1.o
    0x08001b24   0x08001b24   0x00000002   Code   RO         3113    i.PendSV_Handler    stm32f10x_it.o
    0x08001b26   0x08001b26   0x00000002   PAD
    0x08001b28   0x08001b28   0x00000020   Code   RO         1708    i.RCC_APB1PeriphClockCmd  stm32f10x_rcc.o
    0x08001b48   0x08001b48   0x00000020   Code   RO         1710    i.RCC_APB2PeriphClockCmd  stm32f10x_rcc.o
    0x08001b68   0x08001b68   0x000000d4   Code   RO         1718    i.RCC_GetClocksFreq  stm32f10x_rcc.o
    0x08001c3c   0x08001c3c   0x0000005c   Code   RO         3387    i.STEPMOTOR1_Driver_Init  driver.o
    0x08001c98   0x08001c98   0x00000074   Code   RO         3388    i.STEPMOTOR2_Driver_Init  driver.o
    0x08001d0c   0x08001d0c   0x0000007c   Code   RO         3389    i.STEPMOTOR3_Driver_Init  driver.o
    0x08001d88   0x08001d88   0x0000007c   Code   RO         3390    i.STEPMOTOR4_Driver_Init  driver.o
    0x08001e04   0x08001e04   0x00000026   Code   RO         3391    i.STEPMOTOR_NVIC_Init  driver.o
    0x08001e2a   0x08001e2a   0x00000002   Code   RO         3114    i.SVC_Handler       stm32f10x_it.o
    0x08001e2c   0x08001e2c   0x00000020   Code   RO         3670    i.SendData          usart.o
    0x08001e4c   0x08001e4c   0x0000001a   Code   RO         3672    i.SendString        usart.o
    0x08001e66   0x08001e66   0x00000002   PAD
    0x08001e68   0x08001e68   0x00000074   Code   RO         3515    i.Servo_Run         mg996r.o
    0x08001edc   0x08001edc   0x0000003c   Code   RO         3516    i.Servo_SetLength   mg996r.o
    0x08001f18   0x08001f18   0x00000008   Code   RO           24    i.SetSysClock       system_stm32f10x.o
    0x08001f20   0x08001f20   0x000000e0   Code   RO           25    i.SetSysClockTo72   system_stm32f10x.o
    0x08002000   0x08002000   0x00000014   Code   RO         3307    i.Set_Dial_PWM      dial.o
    0x08002014   0x08002014   0x00000070   Code   RO         3392    i.Step_Motor_Contrl  driver.o
    0x08002084   0x08002084   0x000000a4   Code   RO         3393    i.Step_Motor_Init   driver.o
    0x08002128   0x08002128   0x00000002   Code   RO         3115    i.SysTick_Handler   stm32f10x_it.o
    0x0800212a   0x0800212a   0x00000002   PAD
    0x0800212c   0x0800212c   0x00000060   Code   RO           27    i.SystemInit        system_stm32f10x.o
    0x0800218c   0x0800218c   0x00000528   Code   RO         3394    i.TIM1_CC_IRQHandler  driver.o
    0x080026b4   0x080026b4   0x00000100   Code   RO         3395    i.TIM1_PWM_Init     driver.o
    0x080027b4   0x080027b4   0x00000044   Code   RO         3309    i.TIM8_UP_IRQHandler  dial.o
    0x080027f8   0x080027f8   0x00000018   Code   RO         2330    i.TIM_ARRPreloadConfig  stm32f10x_tim.o
    0x08002810   0x08002810   0x0000001e   Code   RO         2334    i.TIM_CCxCmd        stm32f10x_tim.o
    0x0800282e   0x0800282e   0x00000006   Code   RO         2336    i.TIM_ClearFlag     stm32f10x_tim.o
    0x08002834   0x08002834   0x00000006   Code   RO         2337    i.TIM_ClearITPendingBit  stm32f10x_tim.o
    0x0800283a   0x0800283a   0x00000018   Code   RO         2342    i.TIM_Cmd           stm32f10x_tim.o
    0x08002852   0x08002852   0x0000001e   Code   RO         2344    i.TIM_CtrlPWMOutputs  stm32f10x_tim.o
    0x08002870   0x08002870   0x00000022   Code   RO         2363    i.TIM_GetITStatus   stm32f10x_tim.o
    0x08002892   0x08002892   0x00000012   Code   RO         2367    i.TIM_ITConfig      stm32f10x_tim.o
    0x080028a4   0x080028a4   0x00000098   Code   RO         2371    i.TIM_OC1Init       stm32f10x_tim.o
    0x0800293c   0x0800293c   0x00000012   Code   RO         2374    i.TIM_OC1PreloadConfig  stm32f10x_tim.o
    0x0800294e   0x0800294e   0x00000002   PAD
    0x08002950   0x08002950   0x000000a4   Code   RO         2376    i.TIM_OC2Init       stm32f10x_tim.o
    0x080029f4   0x080029f4   0x0000001a   Code   RO         2379    i.TIM_OC2PreloadConfig  stm32f10x_tim.o
    0x08002a0e   0x08002a0e   0x00000002   PAD
    0x08002a10   0x08002a10   0x000000a0   Code   RO         2381    i.TIM_OC3Init       stm32f10x_tim.o
    0x08002ab0   0x08002ab0   0x00000012   Code   RO         2384    i.TIM_OC3PreloadConfig  stm32f10x_tim.o
    0x08002ac2   0x08002ac2   0x00000002   PAD
    0x08002ac4   0x08002ac4   0x0000007c   Code   RO         2386    i.TIM_OC4Init       stm32f10x_tim.o
    0x08002b40   0x08002b40   0x0000001a   Code   RO         2388    i.TIM_OC4PreloadConfig  stm32f10x_tim.o
    0x08002b5a   0x08002b5a   0x00000014   Code   RO         2389    i.TIM_OCStructInit  stm32f10x_tim.o
    0x08002b6e   0x08002b6e   0x00000004   Code   RO         2401    i.TIM_SetAutoreload  stm32f10x_tim.o
    0x08002b72   0x08002b72   0x00000004   Code   RO         2403    i.TIM_SetCompare1   stm32f10x_tim.o
    0x08002b76   0x08002b76   0x00000004   Code   RO         2404    i.TIM_SetCompare2   stm32f10x_tim.o
    0x08002b7a   0x08002b7a   0x00000004   Code   RO         2405    i.TIM_SetCompare3   stm32f10x_tim.o
    0x08002b7e   0x08002b7e   0x00000006   Code   RO         2406    i.TIM_SetCompare4   stm32f10x_tim.o
    0x08002b84   0x08002b84   0x000000a4   Code   RO         2413    i.TIM_TimeBaseInit  stm32f10x_tim.o
    0x08002c28   0x08002c28   0x00000038   Code   RO         3674    i.USART1_IRQHandler  usart.o
    0x08002c60   0x08002c60   0x0000001e   Code   RO         2875    i.USART_ClearITPendingBit  stm32f10x_usart.o
    0x08002c7e   0x08002c7e   0x00000018   Code   RO         2878    i.USART_Cmd         stm32f10x_usart.o
    0x08002c96   0x08002c96   0x0000001a   Code   RO         2881    i.USART_GetFlagStatus  stm32f10x_usart.o
    0x08002cb0   0x08002cb0   0x00000054   Code   RO         2882    i.USART_GetITStatus  stm32f10x_usart.o
    0x08002d04   0x08002d04   0x0000004a   Code   RO         2884    i.USART_ITConfig    stm32f10x_usart.o
    0x08002d4e   0x08002d4e   0x00000002   PAD
    0x08002d50   0x08002d50   0x000000d8   Code   RO         2885    i.USART_Init        stm32f10x_usart.o
    0x08002e28   0x08002e28   0x0000000a   Code   RO         2892    i.USART_ReceiveData  stm32f10x_usart.o
    0x08002e32   0x08002e32   0x00000008   Code   RO         2895    i.USART_SendData    stm32f10x_usart.o
    0x08002e3a   0x08002e3a   0x00000004   Code   RO         3116    i.UsageFault_Handler  stm32f10x_it.o
    0x08002e3e   0x08002e3e   0x00000002   PAD
    0x08002e40   0x08002e40   0x000000b8   Code   RO         3675    i.Usart_Init        usart.o
    0x08002ef8   0x08002ef8   0x0000000e   Code   RO         3812    i.__scatterload_copy  mc_w.l(handlers.o)
    0x08002f06   0x08002f06   0x00000002   Code   RO         3813    i.__scatterload_null  mc_w.l(handlers.o)
    0x08002f08   0x08002f08   0x0000000e   Code   RO         3814    i.__scatterload_zeroinit  mc_w.l(handlers.o)
    0x08002f16   0x08002f16   0x00000002   PAD
    0x08002f18   0x08002f18   0x0000000c   Code   RO         3794    i.__set_errno       mc_w.l(errno.o)
    0x08002f24   0x08002f24   0x00000010   Code   RO         3310    i.foreward          dial.o
    0x08002f34   0x08002f34   0x00000024   Code   RO         3396    i.limit_switch_init  driver.o
    0x08002f58   0x08002f58   0x0000008c   Code   RO         3397    i.limitswitch       driver.o
    0x08002fe4   0x08002fe4   0x00000554   Code   RO         3171    i.main              main.o
    0x08003538   0x08003538   0x00000010   Code   RO         3311    i.reversal          dial.o
    0x08003548   0x08003548   0x0000004c   Code   RO         3736    i.sqrt              m_ws.l(sqrt.o)
    0x08003594   0x08003594   0x000000b0   Code   RO         3398    i.timdisable        driver.o
    0x08003644   0x08003644   0x000000b0   Code   RO         3399    i.timopen           driver.o
    0x080036f4   0x080036f4   0x00000040   Data   RO         3401    .constdata          driver.o
    0x08003734   0x08003734   0x00000020   Data   RO         3810    Region$$Table       anon$$obj.o


    Execution Region RW_IRAM1 (Exec base: 0x20000000, Load base: 0x08003754, Size: 0x000006c8, Max: 0x00010000, ABSOLUTE, COMPRESSED[0x000000ac])

    Exec Addr    Load Addr    Size         Type   Attr      Idx    E Section Name        Object

    0x20000000   COMPRESSED   0x00000014   Data   RW         1738    .data               stm32f10x_rcc.o
    0x20000014   COMPRESSED   0x00000016   Data   RW         3172    .data               main.o
    0x2000002a   COMPRESSED   0x00000002   PAD
    0x2000002c   COMPRESSED   0x00000007   Data   RW         3312    .data               dial.o
    0x20000033   COMPRESSED   0x00000001   PAD
    0x20000034   COMPRESSED   0x00000190   Data   RW         3402    .data               driver.o
    0x200001c4   COMPRESSED   0x0000000a   Data   RW         3678    .data               usart.o
    0x200001ce   COMPRESSED   0x00000002   PAD
    0x200001d0   COMPRESSED   0x00000004   Data   RW         3795    .data               mc_w.l(errno.o)
    0x200001d4        -       0x00000090   Zero   RW         3400    .bss                driver.o
    0x20000264        -       0x00000064   Zero   RW         3677    .bss                usart.o
    0x200002c8        -       0x00000400   Zero   RW            1    STACK               startup_stm32f10x_hd.o


==============================================================================

Image component sizes


      Code (inc. data)   RO Data    RW Data    ZI Data      Debug   Object Name

        24          0          0          0          0        786   bug.o
        84         14          0          0          0       1217   conveyor.o
         0          0          0          0          0       4508   core_cm3.o
      1472         84          0          7          0       6208   dial.o
      4294        362         64        400        144      12171   driver.o
      1364        118          0         22          0       4140   main.o
       472         42          0          0          0       2340   mg996r.o
       132         22          0          0          0       1535   misc.o
       558         20          0          0          0       4136   oled_1.o
        36          8        304          0       1024        820   startup_stm32f10x_hd.o
       200         18          0          0          0       2104   stm32f10x_exti.o
       540         10          0          0          0       6273   stm32f10x_gpio.o
        26          0          0          0          0       3422   stm32f10x_it.o
       276         32          0         20          0       4390   stm32f10x_rcc.o
      1066         92          0          0          0      14114   stm32f10x_tim.o
       472          6          0          0          0       6771   stm32f10x_usart.o
       328         28          0          0          0     252257   system_stm32f10x.o
       298         24          0         10        100       2481   usart.o

    ----------------------------------------------------------------------
     11668        880        400        464       1268     329673   Object Totals
         0          0         32          0          0          0   (incl. Generated)
        26          0          0          5          0          0   (incl. Padding)

    ----------------------------------------------------------------------

      Code (inc. data)   RO Data    RW Data    ZI Data      Debug   Library Member Name

        76          0          0          0          0         84   sqrt.o
        86          0          0          0          0          0   __dczerorl2.o
         0          0          0          0          0          0   entry.o
         0          0          0          0          0          0   entry10a.o
         0          0          0          0          0          0   entry11a.o
         8          4          0          0          0          0   entry2.o
         4          0          0          0          0          0   entry5.o
         0          0          0          0          0          0   entry7b.o
         0          0          0          0          0          0   entry8b.o
         8          4          0          0          0          0   entry9a.o
        12          6          0          4          0         68   errno.o
        30          0          0          0          0          0   handlers.o
        36          8          0          0          0         68   init.o
         0          0          0          0          0          0   iusefp.o
        30          0          0          0          0         68   llshl.o
        36          0          0          0          0         68   llsshr.o
        32          0          0          0          0         68   llushr.o
        28          0          0          0          0         76   strcmp.o
        48          0          0          0          0         68   cdrcmple.o
       334          0          0          0          0        148   dadd.o
       222          0          0          0          0        100   ddiv.o
       186          0          0          0          0        176   depilogue.o
        62          0          0          0          0         80   dfixi.o
        34          0          0          0          0         76   dflti.o
        26          0          0          0          0         76   dfltui.o
       228          0          0          0          0         96   dmul.o
       162          0          0          0          0        100   dsqrt.o
       124          0          0          0          0         88   fdiv.o
       110          0          0          0          0        168   fepilogue.o
        40          0          0          0          0         68   ffixui.o
        18          0          0          0          0         68   fflti.o
        10          0          0          0          0         68   ffltui.o
       100          0          0          0          0         76   fmul.o

    ----------------------------------------------------------------------
      2096         22          0          4          0       1956   Library Totals
         6          0          0          0          0          0   (incl. Padding)

    ----------------------------------------------------------------------

      Code (inc. data)   RO Data    RW Data    ZI Data      Debug   Library Name

        76          0          0          0          0         84   m_ws.l
       310         22          0          4          0        416   mc_w.l
      1704          0          0          0          0       1456   mf_w.l

    ----------------------------------------------------------------------
      2096         22          0          4          0       1956   Library Totals

    ----------------------------------------------------------------------

==============================================================================


      Code (inc. data)   RO Data    RW Data    ZI Data      Debug   

     13764        902        400        468       1268     325309   Grand Totals
     13764        902        400        172       1268     325309   ELF Image Totals (compressed)
     13764        902        400        172          0          0   ROM Totals

==============================================================================

    Total RO  Size (Code + RO Data)                14164 (  13.83kB)
    Total RW  Size (RW Data + ZI Data)              1736 (   1.70kB)
    Total ROM Size (Code + RO Data + RW Data)      14336 (  14.00kB)

==============================================================================

