<html>
<body>
<pre>
<h1>µVision Build Log</h1>
<h2>Tool Versions:</h2>
IDE-Version: ¦ÌVision V5.24.2.0
Copyright (C) 2017 ARM Ltd and ARM Germany GmbH. All rights reserved.
License Information: 6 6, 6, LIC=GE7DL-0K2SJ-QI55M-X7PEL-D0AQF-0BNIR
 
Tool Versions:
Toolchain:       MDK-ARM Professional  Version: 5.24.1
Toolchain Path:  D:\Keil_v5\ARM\ARMCC\Bin
C Compiler:      Armcc.exe V5.06 update 5 (build 528)
Assembler:       Armasm.exe V5.06 update 5 (build 528)
Linker/Locator:  ArmLink.exe V5.06 update 5 (build 528)
Library Manager: ArmAr.exe V5.06 update 5 (build 528)
Hex Converter:   FromElf.exe V5.06 update 5 (build 528)
CPU DLL:         SARMCM3.DLL V5.24.1
Dialog DLL:      DARMSTM.DLL V1.68.0.0
Target DLL:      CMSIS_AGDI.dll V1.28.3.0
Dialog DLL:      TARMSTM.DLL V1.66.0.0
 
<h2>Project:</h2>
D:\ROBOT\Project\STM32F103.uvprojx
Project File Date:  04/22/2023

<h2>Output:</h2>
*** Using Compiler 'V5.06 update 5 (build 528)', folder: 'D:\Keil_v5\ARM\ARMCC\Bin'
Rebuild target 'Target 1'
assembling startup_stm32f10x_hd.s...
compiling core_cm3.c...
compiling misc.c...
compiling stm32f10x_bkp.c...
compiling stm32f10x_cec.c...
compiling stm32f10x_adc.c...
compiling system_stm32f10x.c...
compiling stm32f10x_crc.c...
compiling stm32f10x_can.c...
compiling stm32f10x_dac.c...
compiling stm32f10x_dbgmcu.c...
compiling stm32f10x_dma.c...
compiling stm32f10x_gpio.c...
compiling stm32f10x_exti.c...
compiling stm32f10x_i2c.c...
compiling stm32f10x_flash.c...
compiling stm32f10x_fsmc.c...
compiling stm32f10x_iwdg.c...
compiling stm32f10x_pwr.c...
compiling stm32f10x_rcc.c...
compiling stm32f10x_rtc.c...
compiling stm32f10x_sdio.c...
compiling stm32f10x_spi.c...
compiling stm32f10x_usart.c...
compiling stm32f10x_tim.c...
compiling stm32f10x_wwdg.c...
compiling stm32f10x_it.c...
compiling Conveyor.c...
..\include\Conveyor.h(16): warning:  #1-D: last line of file ends without a newline
  #endif
..\src\Conveyor.c(29): warning:  #1-D: last line of file ends without a newline
  }
..\src\Conveyor.c: 2 warnings, 0 errors
compiling Bug.c...
..\include\Bug.h(13): warning:  #1-D: last line of file ends without a newline
  #endif
..\src\Bug.c: 1 warning, 0 errors
compiling delay.c...
compiling main.c...
..\include\Dial.h(49): warning:  #1-D: last line of file ends without a newline
  #endif
..\include\Conveyor.h(16): warning:  #1-D: last line of file ends without a newline
  #endif
..\include\MG996R.h(24): warning:  #1-D: last line of file ends without a newline
  #endif
..\include\Bug.h(13): warning:  #1-D: last line of file ends without a newline
  #endif
..\include\main.h(15): warning:  #1-D: last line of file ends without a newline
  #endif
..\User\main.c(150): warning:  #1-D: last line of file ends without a newline
  }
..\User\main.c: 6 warnings, 0 errors
compiling Dial.c...
..\include\Dial.h(49): warning:  #1-D: last line of file ends without a newline
  #endif
..\src\Dial.c(247): warning:  #1-D: last line of file ends without a newline
  }
..\src\Dial.c: 2 warnings, 0 errors
compiling MG996R.c...
..\include\MG996R.h(24): warning:  #1-D: last line of file ends without a newline
  #endif
..\src\MG996R.c: 1 warning, 0 errors
compiling driver.c...
..\include\MG996R.h(24): warning:  #1-D: last line of file ends without a newline
  #endif
..\include\Conveyor.h(16): warning:  #1-D: last line of file ends without a newline
  #endif
..\src\driver.c: 2 warnings, 0 errors
compiling OLED.c...
compiling sys.c...
compiling Usart.c...
linking...
Program Size: Code=13764 RO-data=400 RW-data=468 ZI-data=1268  
FromELF: creating hex file...
".\Objects\STM32F103.axf" - 0 Error(s), 14 Warning(s).

<h2>Software Packages used:</h2>

Package Vendor: Keil
                http://www.keil.com/pack/Keil.STM32F1xx_DFP.2.2.0.pack
                Keil.STM32F1xx_DFP.2.2.0
                STMicroelectronics STM32F1 Series Device Support, Drivers and Examples

<h2>Collection of Component include folders:</h2>
  .\RTE\_Target_1
  D:\Keil_v5\ARM\PACK\Keil\STM32F1xx_DFP\2.2.0\Device\Include

<h2>Collection of Component Files used:</h2>
Build Time Elapsed:  00:00:04
</pre>
</body>
</html>
